Component: ARM Compiler 5.06 update 4 (build 422) Tool: armlink [4d35d2]

==============================================================================

Section Cross References

    main.o(i._Z16SPI_SendHalfWordt) refers to stm32f4xx_spi.o(i.SPI_I2S_GetFlagStatus) for SPI_I2S_GetFlagStatus
    main.o(i._Z16SPI_SendHalfWordt) refers to stm32f4xx_spi.o(i.SPI_I2S_SendData) for SPI_I2S_SendData
    main.o(i._Z16SPI_SendHalfWordt) refers to stm32f4xx_spi.o(i.SPI_I2S_ReceiveData) for SPI_I2S_ReceiveData
    main.o(i.main) refers to system_stm32f4xx_1.o(i.SystemCoreClockUpdate) for SystemCoreClockUpdate
    main.o(i.main) refers to new.o(i._Znwj) for operator new(unsigned)
    main.o(i.main) refers to timer.o(i._ZN10CBaseTimerC1Ev) for CBaseTimer::CBaseTimer()
    main.o(i.main) refers to timer.o(i._ZN10CBaseTimer10initializeEv) for CBaseTimer::initialize()
    main.o(i.main) refers to main.o(t._ZN15NormalSingletonI4CspiE8InstanceEv) for NormalSingleton<Cspi>::Instance()
    main.o(i.main) refers to cspi.o(i._ZN4Cspi4InitEP11SPI_TypeDef) for Cspi::Init(SPI_TypeDef*)
    main.o(i.main) refers to main.o(t._ZN15NormalSingletonI4CimuE8InstanceEv) for NormalSingleton<Cimu>::Instance()
    main.o(i.main) refers to imu.o(i._ZN4Cimu4InitEh) for Cimu::Init(unsigned char)
    main.o(i.main) refers to main.o(t._ZN15NormalSingletonI4CledE8InstanceEv) for NormalSingleton<Cled>::Instance()
    main.o(i.main) refers to cled.o(i._ZN4Cled3OFFEv) for Cled::OFF()
    main.o(i.main) refers to printf_.o(i._Z11printf_initv) for printf_init()
    main.o(i.main) refers to timer.o(i._ZN5TimerC1Eii) for Timer::Timer(int, int)
    main.o(i.main) refers to timer.o(i._ZN5Timer16isAbsoluteTimeUpEv) for Timer::isAbsoluteTimeUp()
    main.o(i.main) refers to imu.o(i._ZN4Cimu6UpdateEh) for Cimu::Update(unsigned char)
    main.o(i.main) refers to imu.o(i._ZN4Cimu7GetDataEh) for Cimu::GetData(unsigned char)
    main.o(i.main) refers to printf_.o(i._Z8myprintfPKcz) for myprintf(const char*, ...)
    main.o(i.main) refers to cled.o(i._ZN4Cled6ToggleEv) for Cled::Toggle()
    main.o(i.main) refers to main.o(.data__ZN15NormalSingletonI10CBaseTimerE3insE) for NormalSingleton<CBaseTimer>::ins
    main.o(.ARM.exidx) refers to main.o(i.main) for i.main
    main.o(.ARM.exidx) refers to main.o(i._Z16SPI_SendHalfWordt) for i._Z16SPI_SendHalfWordt
    timer.o(i._Z13CPUTIMER0_ISRv) refers to timer.o(t._ZN15NormalSingletonI10CBaseTimerE8InstanceEv) for NormalSingleton<CBaseTimer>::Instance()
    timer.o(i._Z13CPUTIMER0_ISRv) refers to timer.o(i._ZN10CBaseTimer8doUpdateEv) for CBaseTimer::doUpdate()
    timer.o(i._ZN10CBaseTimer10initializeEv) refers to system_stm32f4xx_1.o(.data) for SystemCoreClock
    timer.o(i._ZN10CBaseTimerC1Ev) refers to system_stm32f4xx_1.o(i.SystemCoreClockUpdate) for SystemCoreClockUpdate
    timer.o(i._ZN5Timer16isAbsoluteTimeUpEv) refers to timer.o(t._ZN15NormalSingletonI10CBaseTimerE8InstanceEv) for NormalSingleton<CBaseTimer>::Instance()
    timer.o(i._ZN5Timer5resetEv) refers to timer.o(t._ZN15NormalSingletonI10CBaseTimerE8InstanceEv) for NormalSingleton<CBaseTimer>::Instance()
    timer.o(i._ZN5Timer8isTimeUpEv) refers to timer.o(t._ZN15NormalSingletonI10CBaseTimerE8InstanceEv) for NormalSingleton<CBaseTimer>::Instance()
    timer.o(i._ZN5TimerC1Eii) refers to timer.o(t._ZN15NormalSingletonI10CBaseTimerE8InstanceEv) for NormalSingleton<CBaseTimer>::Instance()
    timer.o(.ARM.exidx) refers to timer.o(i._ZN10CBaseTimerC1Ev) for i._ZN10CBaseTimerC1Ev
    timer.o(.ARM.exidx) refers to timer.o(i._ZN10CBaseTimer8doUpdateEv) for i._ZN10CBaseTimer8doUpdateEv
    timer.o(.ARM.exidx) refers to timer.o(i._Z13CPUTIMER0_ISRv) for i._Z13CPUTIMER0_ISRv
    timer.o(.ARM.exidx) refers to timer.o(i._ZN10CBaseTimer10initializeEv) for i._ZN10CBaseTimer10initializeEv
    timer.o(.ARM.exidx) refers to timer.o(i._ZN5TimerC1Eii) for i._ZN5TimerC1Eii
    timer.o(.ARM.exidx) refers to timer.o(i._ZN5Timer8isTimeUpEv) for i._ZN5Timer8isTimeUpEv
    timer.o(.ARM.exidx) refers to timer.o(i._ZN5Timer16isAbsoluteTimeUpEv) for i._ZN5Timer16isAbsoluteTimeUpEv
    timer.o(.ARM.exidx) refers to timer.o(i._ZN5Timer5resetEv) for i._ZN5Timer5resetEv
    stm32f4xx_it.o(i.SysTick_Handler) refers to timer.o(i._Z13CPUTIMER0_ISRv) for CPUTIMER0_ISR()
    stm32f4xx_it.o(.ARM.exidx) refers to stm32f4xx_it.o(i.NMI_Handler) for i.NMI_Handler
    stm32f4xx_it.o(.ARM.exidx) refers to stm32f4xx_it.o(i.HardFault_Handler) for i.HardFault_Handler
    stm32f4xx_it.o(.ARM.exidx) refers to stm32f4xx_it.o(i.MemManage_Handler) for i.MemManage_Handler
    stm32f4xx_it.o(.ARM.exidx) refers to stm32f4xx_it.o(i.BusFault_Handler) for i.BusFault_Handler
    stm32f4xx_it.o(.ARM.exidx) refers to stm32f4xx_it.o(i.UsageFault_Handler) for i.UsageFault_Handler
    stm32f4xx_it.o(.ARM.exidx) refers to stm32f4xx_it.o(i.SVC_Handler) for i.SVC_Handler
    stm32f4xx_it.o(.ARM.exidx) refers to stm32f4xx_it.o(i.DebugMon_Handler) for i.DebugMon_Handler
[...]
    .ARM.Collect$$libinit$$0000002C          0x080002b6   Section        0  libinit2.o(.ARM.Collect$$libinit$$0000002C)
    .ARM.Collect$$libinit$$0000002E          0x080002b6   Section        0  libinit2.o(.ARM.Collect$$libinit$$0000002E)
    .ARM.Collect$$libinit$$00000030          0x080002b6   Section        0  libinit2.o(.ARM.Collect$$libinit$$00000030)
    .ARM.Collect$$libinit$$00000032          0x080002b6   Section        0  libinit2.o(.ARM.Collect$$libinit$$00000032)
    .ARM.Collect$$libinit$$00000033          0x080002b6   Section        2  libinit2.o(.ARM.Collect$$libinit$$00000033)
    .ARM.Collect$$libshutdown$$00000000      0x080002b8   Section        2  libshutdown.o(.ARM.Collect$$libshutdown$$00000000)
    .ARM.Collect$$libshutdown$$00000002      0x080002ba   Section        0  libshutdown2.o(.ARM.Collect$$libshutdown$$00000002)
    .ARM.Collect$$libshutdown$$00000004      0x080002ba   Section        0  libshutdown2.o(.ARM.Collect$$libshutdown$$00000004)
    .ARM.Collect$$libshutdown$$00000007      0x080002ba   Section        0  libshutdown2.o(.ARM.Collect$$libshutdown$$00000007)
    .ARM.Collect$$libshutdown$$0000000A      0x080002ba   Section        0  libshutdown2.o(.ARM.Collect$$libshutdown$$0000000A)
    .ARM.Collect$$libshutdown$$0000000C      0x080002ba   Section        0  libshutdown2.o(.ARM.Collect$$libshutdown$$0000000C)
    .ARM.Collect$$libshutdown$$0000000F      0x080002ba   Section        0  libshutdown2.o(.ARM.Collect$$libshutdown$$0000000F)
    .ARM.Collect$$libshutdown$$00000010      0x080002ba   Section        2  libshutdown2.o(.ARM.Collect$$libshutdown$$00000010)
    .ARM.Collect$$rtentry$$00000000          0x080002bc   Section        0  __rtentry.o(.ARM.Collect$$rtentry$$00000000)
    .ARM.Collect$$rtentry$$00000002          0x080002bc   Section        0  __rtentry2.o(.ARM.Collect$$rtentry$$00000002)
    .ARM.Collect$$rtentry$$00000004          0x080002bc   Section        6  __rtentry4.o(.ARM.Collect$$rtentry$$00000004)
    .ARM.Collect$$rtentry$$00000009          0x080002c2   Section        0  __rtentry2.o(.ARM.Collect$$rtentry$$00000009)
    .ARM.Collect$$rtentry$$0000000A          0x080002c2   Section        4  __rtentry2.o(.ARM.Collect$$rtentry$$0000000A)
    .ARM.Collect$$rtentry$$0000000C          0x080002c6   Section        0  __rtentry2.o(.ARM.Collect$$rtentry$$0000000C)
    .ARM.Collect$$rtentry$$0000000D          0x080002c6   Section        8  __rtentry2.o(.ARM.Collect$$rtentry$$0000000D)
    .ARM.Collect$$rtexit$$00000000           0x080002ce   Section        2  rtexit.o(.ARM.Collect$$rtexit$$00000000)
    .ARM.Collect$$rtexit$$00000002           0x080002d0   Section        0  rtexit2.o(.ARM.Collect$$rtexit$$00000002)
    .ARM.Collect$$rtexit$$00000003           0x080002d0   Section        4  rtexit2.o(.ARM.Collect$$rtexit$$00000003)
    .ARM.Collect$$rtexit$$00000004           0x080002d4   Section        6  rtexit2.o(.ARM.Collect$$rtexit$$00000004)
    .emb_text                                0x080002dc   Section        0  maybetermalloc1.o(.emb_text)
    .text                                    0x080002dc   Section       64  startup_stm32f407xx.o(.text)
    $v0                                      0x080002dc   Number         0  startup_stm32f407xx.o(.text)
    .text                                    0x0800031c   Section        0  c89vsnprintf.o(.text)
    .text                                    0x08000350   Section      138  rt_memcpy_v6.o(.text)
    .text                                    0x080003da   Section        0  heapauxi.o(.text)
    .text                                    0x080003e0   Section        8  rt_new_handler_addr_intlibspace.o(.text)
    .text                                    0x080003e8   Section        0  h1_alloc.o(.text)
    .text                                    0x08000446   Section        0  _printf_pad.o(.text)
    .text                                    0x08000494   Section        0  _printf_truncate.o(.text)
    .text                                    0x080004b8   Section        0  _printf_str.o(.text)
    .text                                    0x0800050c   Section        0  _printf_dec.o(.text)
    .text                                    0x08000584   Section        0  _printf_charcount.o(.text)
    .text                                    0x080005ac   Section        0  _printf_char_common.o(.text)
    _printf_input_char                       0x080005ad   Thumb Code    10  _printf_char_common.o(.text)
    .text                                    0x080005dc   Section        0  _sputc.o(.text)
    .text                                    0x080005e6   Section        0  _snputc.o(.text)
    .text                                    0x080005f8   Section        0  _printf_wctomb.o(.text)
    .text                                    0x080006b4   Section        0  _printf_longlong_dec.o(.text)
    .text                                    0x08000730   Section        0  _printf_oct_int_ll.o(.text)
    _printf_longlong_oct_internal            0x08000731   Thumb Code     0  _printf_oct_int_ll.o(.text)
    .text                                    0x080007a0   Section        0  _printf_hex_int_ll_ptr.o(.text)
    _printf_hex_common                       0x080007a1   Thumb Code     0  _printf_hex_int_ll_ptr.o(.text)
    .text                                    0x08000834   Section        0  __printf_flags_ss_wp.o(.text)
    .text                                    0x080009bc   Section      100  rt_memcpy_w.o(.text)
    .text                                    0x08000a20   Section        0  arm_newhandler_noexceptions.o(.text)
    .text                                    0x08000a24   Section        8  libspace.o(.text)
    .text                                    0x08000a2c   Section        8  rt_heap_descriptor_intlibspace.o(.text)
    .text                                    0x08000a34   Section        0  hguard.o(.text)
    .text                                    0x08000a38   Section        0  init_alloc.o(.text)
    .text                                    0x08000ac2   Section        0  h1_init.o(.text)
    .text                                    0x08000ad0   Section        0  h1_free.o(.text)
    .text                                    0x08000b1e   Section      138  lludiv10.o(.text)
    .text                                    0x08000ba8   Section        0  _printf_intcommon.o(.text)
    .text                                    0x08000c5a   Section        0  _printf_fp_dec.o(.text)
    _fp_digits                               0x08000c5d   Thumb Code   428  _printf_fp_dec.o(.text)
    .text                                    0x08001074   Section        0  _printf_char.o(.text)
    .text                                    0x080010a0   Section        0  _printf_wchar.o(.text)
    .text                                    0x080010cc   Section        0  _wcrtomb.o(.text)
    .text                                    0x0800110c   Section        0  arm_exceptions_terminate.o(.text)
    .text                                    0x08001126   Section       74  sys_stackheap_outer.o(.text)
    .text                                    0x08001170   Section       16  rt_ctype_table.o(.text)
    .text                                    0x08001180   Section        8  rt_locale_intlibspace.o(.text)
    .text                                    0x08001188   Section        0  h1_extend.o(.text)
    .text                                    0x080011bc   Section        0  _printf_fp_infnan.o(.text)
    .text                                    0x0800123c   Section        0  bigflt0.o(.text)
    .text                                    0x08001318   Section        0  exit.o(.text)
    .text                                    0x0800132a   Section        0  abort.o(.text)
    .text                                    0x08001340   Section        0  defsig_rtmem_outer.o(.text)
    .text                                    0x08001350   Section        0  arm_exceptions_globs.o(.text)
    [local to arm_exceptions_c]::__default_terminate_handler() 0x08001351   Thumb Code     6  arm_exceptions_globs.o(.text)
    .text                                    0x080013a0   Section        0  sys_exit.o(.text)
    .text                                    0x080013ac   Section        2  use_no_semi.o(.text)
    .text                                    0x080013ae   Section        0  indicate_semi.o(.text)
    .text                                    0x080013b0   Section        8  rt_eh_globals_addr_intlibspace.o(.text)
    .text                                    0x080013b8   Section        0  defsig_exit.o(.text)
    .text                                    0x080013c2   Section        0  defsig_abrt_outer.o(.text)
    .text                                    0x080013d0   Section        0  defsig_rtmem_inner.o(.text)
    .text                                    0x08001420   Section      128  strcmpv7m.o(.text)
    .text                                    0x080014a0   Section        0  arm_exceptions_mem.o(.text)
    .text                                    0x080014dc   Section        0  defsig_general.o(.text)
    .text                                    0x08001510   Section        0  defsig_abrt_inner.o(.text)
    .text                                    0x08001540   Section        0  sys_wrch.o(.text)
    CL$$btod_d2e                             0x0800154e   Section       62  btod.o(CL$$btod_d2e)
    CL$$btod_d2e_denorm_low                  0x0800158c   Section       70  btod.o(CL$$btod_d2e_denorm_low)
    CL$$btod_d2e_norm_op1                    0x080015d2   Section       96  btod.o(CL$$btod_d2e_norm_op1)
    CL$$btod_div_common                      0x08001632   Section      824  btod.o(CL$$btod_div_common)
    CL$$btod_e2e                             0x0800196a   Section      198  btod.o(CL$$btod_e2e)
    CL$$btod_ediv                            0x08001a30   Section       40  btod.o(CL$$btod_ediv)
    CL$$btod_emul                            0x08001a58   Section       40  btod.o(CL$$btod_emul)
    CL$$btod_mult_common                     0x08001a80   Section      580  btod.o(CL$$btod_mult_common)
    i.BusFault_Handler                       0x08001cc4   Section        0  stm32f4xx_it.o(i.BusFault_Handler)
    i.DebugMon_Handler                       0x08001cc6   Section        0  stm32f4xx_it.o(i.DebugMon_Handler)
    i.GPIO_Init                              0x08001cc8   Section        0  stm32f4xx_gpio.o(i.GPIO_Init)
    i.GPIO_PinAFConfig                       0x08001d40   Section        0  stm32f4xx_gpio.o(i.GPIO_PinAFConfig)
    i.GPIO_ReadInputDataBit                  0x08001d60   Section        0  stm32f4xx_gpio.o(i.GPIO_ReadInputDataBit)
    i.GPIO_WriteBit                          0x08001d6e   Section        0  stm32f4xx_gpio.o(i.GPIO_WriteBit)
    i.HardFault_Handler                      0x08001d78   Section        0  stm32f4xx_it.o(i.HardFault_Handler)
    i.MemManage_Handler                      0x08001d7a   Section        0  stm32f4xx_it.o(i.MemManage_Handler)
    i.NMI_Handler                            0x08001d7c   Section        0  stm32f4xx_it.o(i.NMI_Handler)
    i.PendSV_Handler                         0x08001d7e   Section        0  stm32f4xx_it.o(i.PendSV_Handler)
    i.RCC_AHB1PeriphClockCmd                 0x08001d80   Section        0  stm32f4xx_rcc.o(i.RCC_AHB1PeriphClockCmd)
    i.RCC_APB1PeriphClockCmd                 0x08001d98   Section        0  stm32f4xx_rcc.o(i.RCC_APB1PeriphClockCmd)
    i.RCC_APB2PeriphClockCmd                 0x08001db0   Section        0  stm32f4xx_rcc.o(i.RCC_APB2PeriphClockCmd)
    i.RCC_GetClocksFreq                      0x08001dc8   Section        0  stm32f4xx_rcc.o(i.RCC_GetClocksFreq)
    i.SPI_Cmd                                0x08001e5c   Section        0  stm32f4xx_spi.o(i.SPI_Cmd)
    i.SPI_I2S_GetFlagStatus                  0x08001e70   Section        0  stm32f4xx_spi.o(i.SPI_I2S_GetFlagStatus)
    i.SPI_I2S_ReceiveData                    0x08001e7e   Section        0  stm32f4xx_spi.o(i.SPI_I2S_ReceiveData)
    i.SPI_I2S_SendData                       0x08001e82   Section        0  stm32f4xx_spi.o(i.SPI_I2S_SendData)
    i.SPI_Init                               0x08001e86   Section        0  stm32f4xx_spi.o(i.SPI_Init)
    i.SVC_Handler                            0x08001ebe   Section        0  stm32f4xx_it.o(i.SVC_Handler)
    i.SysTick_Handler                        0x08001ec0   Section        0  stm32f4xx_it.o(i.SysTick_Handler)
    i.SystemCoreClockUpdate                  0x08001ec4   Section        0  system_stm32f4xx_1.o(i.SystemCoreClockUpdate)
    i.SystemInit                             0x08001f40   Section        0  system_stm32f4xx_1.o(i.SystemInit)
    i.USART_Cmd                              0x08001f94   Section        0  stm32f4xx_usart.o(i.USART_Cmd)
    i.USART_GetFlagStatus                    0x08001fa8   Section        0  stm32f4xx_usart.o(i.USART_GetFlagStatus)
    i.USART_Init                             0x08001fb8   Section        0  stm32f4xx_usart.o(i.USART_Init)
    i.USART_SendData                         0x08002064   Section        0  stm32f4xx_usart.o(i.USART_SendData)
    i.UsageFault_Handler                     0x0800206c   Section        0  stm32f4xx_it.o(i.UsageFault_Handler)
    i._Z11printf_initv                       0x08002070   Section        0  printf_.o(i._Z11printf_initv)
    i._Z13CPUTIMER0_ISRv                     0x08002100   Section        0  timer.o(i._Z13CPUTIMER0_ISRv)
    i._Z7putcharc                            0x08002118   Section        0  printf_.o(i._Z7putcharc)
    i._Z8myprintfPKcz                        0x08002138   Section        0  printf_.o(i._Z8myprintfPKcz)
    i._ZN10CBaseTimer10initializeEv          0x08002168   Section        0  timer.o(i._ZN10CBaseTimer10initializeEv)
    i._ZN10CBaseTimer8doUpdateEv             0x080021a4   Section        0  timer.o(i._ZN10CBaseTimer8doUpdateEv)
    i._ZN10CBaseTimerC1Ev                    0x080021b4   Section        0  timer.o(i._ZN10CBaseTimerC1Ev)
    i._ZN4Cimu4InitEh                        0x080021c4   Section        0  imu.o(i._ZN4Cimu4InitEh)
    i._ZN4Cimu6UpdateEh                      0x0800222c   Section        0  imu.o(i._ZN4Cimu6UpdateEh)
    i._ZN4Cimu7GetDataEh                     0x080022ea   Section        0  imu.o(i._ZN4Cimu7GetDataEh)
    i._ZN4Cimu7ReadRegEht                    0x080022f4   Section        0  imu.o(i._ZN4Cimu7ReadRegEht)
    i._ZN4Cimu8WriteRegEhht                  0x080023c0   Section        0  imu.o(i._ZN4Cimu8WriteRegEhht)
    i._ZN4Cled3OFFEv                         0x0800248c   Section        0  cled.o(i._ZN4Cled3OFFEv)
    i._ZN4Cled4InitEv                        0x0800249c   Section        0  cled.o(i._ZN4Cled4InitEv)
    i._ZN4Cled6ToggleEv                      0x080024d0   Section        0  cled.o(i._ZN4Cled6ToggleEv)
    i._ZN4CledC1Ev                           0x080024f8   Section        0  cled.o(i._ZN4CledC1Ev)
    i._ZN4Cspi4InitEP11SPI_TypeDef           0x08002504   Section        0  cspi.o(i._ZN4Cspi4InitEP11SPI_TypeDef)
    i._ZN5Timer16isAbsoluteTimeUpEv          0x08002730   Section        0  timer.o(i._ZN5Timer16isAbsoluteTimeUpEv)
    i._ZN5TimerC1Eii                         0x08002754   Section        0  timer.o(i._ZN5TimerC1Eii)
    i._Znwj                                  0x0800276c   Section        0  new.o(i._Znwj)
    i.__ARM_fpclassify                       0x08002794   Section        0  fpclassify.o(i.__ARM_fpclassify)
    i._is_digit                              0x080027c4   Section        0  __printf_wp.o(i._is_digit)
    i.main                                   0x080027d4   Section        0  main.o(i.main)
    locale$$code                             0x080028d8   Section       44  lc_numeric_c.o(locale$$code)
    locale$$code                             0x08002904   Section       44  lc_ctype_c.o(locale$$code)
    t._ZN15NormalSingletonI10CBaseTimerE8InstanceEv 0x08002930   Section        0  timer.o(t._ZN15NormalSingletonI10CBaseTimerE8InstanceEv)
    t._ZN15NormalSingletonI4CimuE8InstanceEv 0x0800294c   Section        0  main.o(t._ZN15NormalSingletonI4CimuE8InstanceEv)
    t._ZN15NormalSingletonI4CledE8InstanceEv 0x08002964   Section        0  main.o(t._ZN15NormalSingletonI4CledE8InstanceEv)
    t._ZN15NormalSingletonI4CspiE8InstanceEv 0x08002980   Section        0  main.o(t._ZN15NormalSingletonI4CspiE8InstanceEv)
    x$fpl$fpinit                             0x08002998   Section       10  fpinit.o(x$fpl$fpinit)
    $v0                                      0x08002998   Number         0  fpinit.o(x$fpl$fpinit)
    x$fpl$printf1                            0x080029a2   Section        4  printf1.o(x$fpl$printf1)
    $v0                                      0x080029a2   Number         0  printf1.o(x$fpl$printf1)
    .constdata                               0x080029a6   Section       16  system_stm32f4xx_1.o(.constdata)
    x$fpl$usenofp                            0x080029a6   Section        0  usenofp.o(x$fpl$usenofp)
    AHBPrescTable                            0x080029a6   Data          16  system_stm32f4xx_1.o(.constdata)
    .constdata                               0x080029b8   Section        8  _printf_wctomb.o(.constdata)
    initial_mbstate                          0x080029b8   Data           8  _printf_wctomb.o(.constdata)
    .constdata                               0x080029c0   Section       40  _printf_hex_int_ll_ptr.o(.constdata)
    uc_hextab                                0x080029c0   Data          20  _printf_hex_int_ll_ptr.o(.constdata)
    lc_hextab                                0x080029d4   Data          20  _printf_hex_int_ll_ptr.o(.constdata)
    .constdata                               0x080029e8   Section       17  __printf_flags_ss_wp.o(.constdata)
    maptable                                 0x080029e8   Data          17  __printf_flags_ss_wp.o(.constdata)
    .constdata                               0x080029fc   Section      148  bigflt0.o(.constdata)
    tenpwrs_x                                0x080029fc   Data          60  bigflt0.o(.constdata)
    tenpwrs_i                                0x08002a38   Data          64  bigflt0.o(.constdata)
    locale$$data                             0x08002ab0   Section       28  lc_numeric_c.o(locale$$data)
    __lcnum_c_name                           0x08002ab4   Data           2  lc_numeric_c.o(locale$$data)
    __lcnum_c_start                          0x08002abc   Data           0  lc_numeric_c.o(locale$$data)
    __lcnum_c_point                          0x08002ac8   Data           0  lc_numeric_c.o(locale$$data)
    __lcnum_c_thousands                      0x08002aca   Data           0  lc_numeric_c.o(locale$$data)
    __lcnum_c_grouping                       0x08002acb   Data           0  lc_numeric_c.o(locale$$data)
    locale$$data                             0x08002acc   Section      272  lc_ctype_c.o(locale$$data)
    __lcnum_c_end                            0x08002acc   Data           0  lc_numeric_c.o(locale$$data)
    __lcctype_c_name                         0x08002ad0   Data           2  lc_ctype_c.o(locale$$data)
    __lcctype_c_start                        0x08002ad8   Data           0  lc_ctype_c.o(locale$$data)
    __lcctype_c_end                          0x08002bdc   Data           0  lc_ctype_c.o(locale$$data)
    .data                                    0x20000000   Section       16  stm32f4xx_rcc.o(.data)
    APBAHBPrescTable                         0x20000000   Data          16  stm32f4xx_rcc.o(.data)
    .data                                    0x20000010   Section        4  system_stm32f4xx_1.o(.data)
    .data__ZN15NormalSingletonI10CBaseTimerE3insE 0x20000014   Section        4  main.o(.data__ZN15NormalSingletonI10CBaseTimerE3insE)
    .data__ZN15NormalSingletonI4CimuE3insE   0x20000018   Section        4  main.o(.data__ZN15NormalSingletonI4CimuE3insE)
    .data__ZN15NormalSingletonI4CledE3insE   0x2000001c   Section        4  main.o(.data__ZN15NormalSingletonI4CledE3insE)
    .data__ZN15NormalSingletonI4CspiE3insE   0x20000020   Section        4  main.o(.data__ZN15NormalSingletonI4CspiE3insE)
    .bss                                     0x20000024   Section       96  libspace.o(.bss)
    HEAP                                     0x20000088   Section      512  startup_stm32f407xx.o(HEAP)
    Heap_Mem                                 0x20000088   Data         512  startup_stm32f407xx.o(HEAP)
    STACK                                    0x20000288   Section     1024  startup_stm32f407xx.o(STACK)
    Stack_Mem                                0x20000288   Data        1024  startup_stm32f407xx.o(STACK)
    __initial_sp                             0x20000688   Data           0  startup_stm32f407xx.o(STACK)

    Global Symbols

    Symbol Name                              Value     Ov Type        Size  Object(Section)

    BuildAttributes$$THM_ISAv4$E$P$D$K$B$S$7EM$VFPi3$EXTD16$VFPS$VFMA$PE$A:L22UL41UL21$X:L11$S22US41US21$IEEE1$IW$USESV6$~STKCKD$USESV7$~SHL$OTIME$ROPI$IEEEJ$EBA8$UX$STANDARDLIB$REQ8$PRES8$EABIv2 0x00000000   Number         0  anon$$obj.o ABSOLUTE
    __ARM_use_no_argv                        0x00000000   Number         0  main.o ABSOLUTE
    _printf_flags                            0x00000000   Number         0  printf_stubs.o ABSOLUTE
    _printf_return_value                     0x00000000   Number         0  printf_stubs.o ABSOLUTE
    _printf_sizespec                         0x00000000   Number         0  printf_stubs.o ABSOLUTE
    _printf_widthprec                        0x00000000   Number         0  printf_stubs.o ABSOLUTE
    SHT$$ARM_EXIDX$$Base                      - Undefined Reference
    SHT$$ARM_EXIDX$$Limit                     - Undefined Reference
    __ARM::default_unexpected_handler()       - Undefined Weak Reference
    __ARM_exceptions_buffer_required          - Undefined Weak Reference
    __ARM_exceptions_init                     - Undefined Weak Reference
    __aeabi_unwind_cpp_pr1                    - Undefined Weak Reference
    __aeabi_unwind_cpp_pr2                    - Undefined Weak Reference
    __alloca_initialize                       - Undefined Weak Reference
    __arm_preinit_                            - Undefined Weak Reference
    __cpp_initialize__aeabi_                  - Undefined Weak Reference
    __cxa_begin_cleanup                       - Undefined Weak Reference
    __cxa_finalize                            - Undefined Weak Reference
    __cxa_type_match                          - Undefined Weak Reference
    __sigvec_lookup                           - Undefined Weak Reference
    __user_heap_extent                        - Undefined Weak Reference
    _atexit_init                              - Undefined Weak Reference
    _call_atexit_fns                          - Undefined Weak Reference
    _clock_init                               - Undefined Weak Reference
    _fp_trap_init                             - Undefined Weak Reference
    _fp_trap_shutdown                         - Undefined Weak Reference
    _get_lc_collate                           - Undefined Weak Reference
    _get_lc_monetary                          - Undefined Weak Reference
    _get_lc_time                              - Undefined Weak Reference
    _getenv_init                              - Undefined Weak Reference
    _handle_redirection                       - Undefined Weak Reference
    _initio                                   - Undefined Weak Reference
    _mutex_acquire                            - Undefined Weak Reference
    _mutex_free                               - Undefined Weak Reference
    _mutex_release                            - Undefined Weak Reference
    _printf_fp_hex                            - Undefined Weak Reference
    _printf_mbtowc                            - Undefined Weak Reference
    _printf_wc                                - Undefined Weak Reference
    _rand_init                                - Undefined Weak Reference
    _signal_finish                            - Undefined Weak Reference
    _signal_init                              - Undefined Weak Reference
    _terminateio                              - Undefined Weak Reference
    __Vectors_Size                           0x00000188   Number         0  startup_stm32f407xx.o ABSOLUTE
    __Vectors                                0x08000000   Data           4  startup_stm32f407xx.o(RESET)
    __Vectors_End                            0x08000188   Data           0  startup_stm32f407xx.o(RESET)
    __main                                   0x08000189   Thumb Code     8  __main.o(!!!main)
    __scatterload                            0x08000191   Thumb Code     0  __scatter.o(!!!scatter)
    __scatterload_rt2                        0x08000191   Thumb Code    44  __scatter.o(!!!scatter)
    __scatterload_rt2_thumb_only             0x08000191   Thumb Code     0  __scatter.o(!!!scatter)
    __scatterload_null                       0x0800019f   Thumb Code     0  __scatter.o(!!!scatter)
    __scatterload_copy                       0x080001c5   Thumb Code    26  __scatter_copy.o(!!handler_copy)
    __scatterload_zeroinit                   0x080001e1   Thumb Code    28  __scatter_zi.o(!!handler_zi)
    _printf_n                                0x080001fd   Thumb Code     0  _printf_n.o(.ARM.Collect$$_printf_percent$$00000001)
    _printf_percent                          0x080001fd   Thumb Code     0  _printf_percent.o(.ARM.Collect$$_printf_percent$$00000000)
    _printf_p                                0x08000203   Thumb Code     0  _printf_p.o(.ARM.Collect$$_printf_percent$$00000002)
    _printf_f                                0x08000209   Thumb Code     0  _printf_f.o(.ARM.Collect$$_printf_percent$$00000003)
    _printf_e                                0x0800020f   Thumb Code     0  _printf_e.o(.ARM.Collect$$_printf_percent$$00000004)
    _printf_g                                0x08000215   Thumb Code     0  _printf_g.o(.ARM.Collect$$_printf_percent$$00000005)
    _printf_a                                0x0800021b   Thumb Code     0  _printf_a.o(.ARM.Collect$$_printf_percent$$00000006)
    _printf_ll                               0x08000221   Thumb Code     0  _printf_ll.o(.ARM.Collect$$_printf_percent$$00000007)
    _printf_i                                0x0800022b   Thumb Code     0  _printf_i.o(.ARM.Collect$$_printf_percent$$00000008)
    _printf_d                                0x08000231   Thumb Code     0  _printf_d.o(.ARM.Collect$$_printf_percent$$00000009)
    _printf_u                                0x08000237   Thumb Code     0  _printf_u.o(.ARM.Collect$$_printf_percent$$0000000A)
    _printf_o                                0x0800023d   Thumb Code     0  _printf_o.o(.ARM.Collect$$_printf_percent$$0000000B)
    _printf_x                                0x08000243   Thumb Code     0  _printf_x.o(.ARM.Collect$$_printf_percent$$0000000C)
    _printf_lli                              0x08000249   Thumb Code     0  _printf_lli.o(.ARM.Collect$$_printf_percent$$0000000D)
    _printf_lld                              0x0800024f   Thumb Code     0  _printf_lld.o(.ARM.Collect$$_printf_percent$$0000000E)
    _printf_llu                              0x08000255   Thumb Code     0  _printf_llu.o(.ARM.Collect$$_printf_percent$$0000000F)
    _printf_llo                              0x0800025b   Thumb Code     0  _printf_llo.o(.ARM.Collect$$_printf_percent$$00000010)
    _printf_llx                              0x08000261   Thumb Code     0  _printf_llx.o(.ARM.Collect$$_printf_percent$$00000011)
    _printf_l                                0x08000267   Thumb Code     0  _printf_l.o(.ARM.Collect$$_printf_percent$$00000012)
    _printf_c                                0x08000271   Thumb Code     0  _printf_c.o(.ARM.Collect$$_printf_percent$$00000013)
    _printf_s                                0x08000277   Thumb Code     0  _printf_s.o(.ARM.Collect$$_printf_percent$$00000014)
    _printf_lc                               0x0800027d   Thumb Code     0  _printf_lc.o(.ARM.Collect$$_printf_percent$$00000015)
    _printf_ls                               0x08000283   Thumb Code     0  _printf_ls.o(.ARM.Collect$$_printf_percent$$00000016)
    _printf_percent_end                      0x08000289   Thumb Code     0  _printf_percent_end.o(.ARM.Collect$$_printf_percent$$00000017)
    __rt_lib_init                            0x0800028d   Thumb Code     0  libinit.o(.ARM.Collect$$libinit$$00000000)
    __rt_lib_init_fp_1                       0x0800028f   Thumb Code     0  libinit2.o(.ARM.Collect$$libinit$$00000001)
    __rt_lib_init_heap_2                     0x08000293   Thumb Code     0  libinit2.o(.ARM.Collect$$libinit$$00000005)
    __rt_lib_init_preinit_1                  0x08000293   Thumb Code     0  libinit2.o(.ARM.Collect$$libinit$$00000004)
    __rt_lib_init_heap_1                     0x0800029b   Thumb Code     0  libinit2.o(.ARM.Collect$$libinit$$0000000A)
    __rt_lib_init_lc_common                  0x0800029b   Thumb Code     0  libinit2.o(.ARM.Collect$$libinit$$0000000F)
    __rt_lib_init_rand_1                     0x0800029b   Thumb Code     0  libinit2.o(.ARM.Collect$$libinit$$0000000E)
    __rt_lib_init_user_alloc_1               0x0800029b   Thumb Code     0  libinit2.o(.ARM.Collect$$libinit$$0000000C)
    __rt_lib_init_lc_collate_1               0x080002a1   Thumb Code     0  libinit2.o(.ARM.Collect$$libinit$$00000011)
    __rt_lib_init_lc_ctype_2                 0x080002a1   Thumb Code     0  libinit2.o(.ARM.Collect$$libinit$$00000012)
    __rt_lib_init_lc_ctype_1                 0x080002ad   Thumb Code     0  libinit2.o(.ARM.Collect$$libinit$$00000013)
    __rt_lib_init_lc_monetary_1              0x080002ad   Thumb Code     0  libinit2.o(.ARM.Collect$$libinit$$00000015)
    __rt_lib_init_lc_numeric_2               0x080002ad   Thumb Code     0  libinit2.o(.ARM.Collect$$libinit$$00000016)
    __rt_lib_init_alloca_1                   0x080002b7   Thumb Code     0  libinit2.o(.ARM.Collect$$libinit$$0000002E)
    __rt_lib_init_argv_1                     0x080002b7   Thumb Code     0  libinit2.o(.ARM.Collect$$libinit$$0000002C)
    __rt_lib_init_atexit_1                   0x080002b7   Thumb Code     0  libinit2.o(.ARM.Collect$$libinit$$0000001B)
    __rt_lib_init_clock_1                    0x080002b7   Thumb Code     0  libinit2.o(.ARM.Collect$$libinit$$00000021)
    __rt_lib_init_cpp_1                      0x080002b7   Thumb Code     0  libinit2.o(.ARM.Collect$$libinit$$00000032)
    __rt_lib_init_exceptions_1               0x080002b7   Thumb Code     0  libinit2.o(.ARM.Collect$$libinit$$00000030)
    __rt_lib_init_fp_trap_1                  0x080002b7   Thumb Code     0  libinit2.o(.ARM.Collect$$libinit$$0000001F)
    __rt_lib_init_getenv_1                   0x080002b7   Thumb Code     0  libinit2.o(.ARM.Collect$$libinit$$00000023)
    __rt_lib_init_lc_numeric_1               0x080002b7   Thumb Code     0  libinit2.o(.ARM.Collect$$libinit$$00000017)
    __rt_lib_init_lc_time_1                  0x080002b7   Thumb Code     0  libinit2.o(.ARM.Collect$$libinit$$00000019)
    __rt_lib_init_return                     0x080002b7   Thumb Code     0  libinit2.o(.ARM.Collect$$libinit$$00000033)
    __rt_lib_init_signal_1                   0x080002b7   Thumb Code     0  libinit2.o(.ARM.Collect$$libinit$$0000001D)
    __rt_lib_init_stdio_1                    0x080002b7   Thumb Code     0  libinit2.o(.ARM.Collect$$libinit$$00000025)
    __rt_lib_shutdown                        0x080002b9   Thumb Code     0  libshutdown.o(.ARM.Collect$$libshutdown$$00000000)
    __rt_lib_shutdown_cpp_1                  0x080002bb   Thumb Code     0  libshutdown2.o(.ARM.Collect$$libshutdown$$00000002)
    __rt_lib_shutdown_fp_trap_1              0x080002bb   Thumb Code     0  libshutdown2.o(.ARM.Collect$$libshutdown$$00000007)
    __rt_lib_shutdown_heap_1                 0x080002bb   Thumb Code     0  libshutdown2.o(.ARM.Collect$$libshutdown$$0000000F)
    __rt_lib_shutdown_return                 0x080002bb   Thumb Code     0  libshutdown2.o(.ARM.Collect$$libshutdown$$00000010)
    __rt_lib_shutdown_signal_1               0x080002bb   Thumb Code     0  libshutdown2.o(.ARM.Collect$$libshutdown$$0000000A)
    __rt_lib_shutdown_stdio_1                0x080002bb   Thumb Code     0  libshutdown2.o(.ARM.Collect$$libshutdown$$00000004)
    __rt_lib_shutdown_user_alloc_1           0x080002bb   Thumb Code     0  libshutdown2.o(.ARM.Collect$$libshutdown$$0000000C)
    __rt_entry                               0x080002bd   Thumb Code     0  __rtentry.o(.ARM.Collect$$rtentry$$00000000)
    __rt_entry_presh_1                       0x080002bd   Thumb Code     0  __rtentry2.o(.ARM.Collect$$rtentry$$00000002)
    __rt_entry_sh                            0x080002bd   Thumb Code     0  __rtentry4.o(.ARM.Collect$$rtentry$$00000004)
    __rt_entry_li                            0x080002c3   Thumb Code     0  __rtentry2.o(.ARM.Collect$$rtentry$$0000000A)
    __rt_entry_postsh_1                      0x080002c3   Thumb Code     0  __rtentry2.o(.ARM.Collect$$rtentry$$00000009)
    __rt_entry_main                          0x080002c7   Thumb Code     0  __rtentry2.o(.ARM.Collect$$rtentry$$0000000D)
    __rt_entry_postli_1                      0x080002c7   Thumb Code     0  __rtentry2.o(.ARM.Collect$$rtentry$$0000000C)
    __rt_exit                                0x080002cf   Thumb Code     0  rtexit.o(.ARM.Collect$$rtexit$$00000000)
    __rt_exit_ls                             0x080002d1   Thumb Code     0  rtexit2.o(.ARM.Collect$$rtexit$$00000003)
    __rt_exit_prels_1                        0x080002d1   Thumb Code     0  rtexit2.o(.ARM.Collect$$rtexit$$00000002)
    __rt_exit_exit                           0x080002d5   Thumb Code     0  rtexit2.o(.ARM.Collect$$rtexit$$00000004)
    Reset_Handler                            0x080002dd   Thumb Code     8  startup_stm32f407xx.o(.text)
    _maybe_terminate_alloc                   0x080002dd   Thumb Code     0  maybetermalloc1.o(.emb_text)
    ADC_IRQHandler                           0x080002f7   Thumb Code     0  startup_stm32f407xx.o(.text)
    CAN1_RX0_IRQHandler                      0x080002f7   Thumb Code     0  startup_stm32f407xx.o(.text)
    CAN1_RX1_IRQHandler                      0x080002f7   Thumb Code     0  startup_stm32f407xx.o(.text)
    CAN1_SCE_IRQHandler                      0x080002f7   Thumb Code     0  startup_stm32f407xx.o(.text)
    CAN1_TX_IRQHandler                       0x080002f7   Thumb Code     0  startup_stm32f407xx.o(.text)
    CAN2_RX0_IRQHandler                      0x080002f7   Thumb Code     0  startup_stm32f407xx.o(.text)
    CAN2_RX1_IRQHandler                      0x080002f7   Thumb Code     0  startup_stm32f407xx.o(.text)
    CAN2_SCE_IRQHandler                      0x080002f7   Thumb Code     0  startup_stm32f407xx.o(.text)
    CAN2_TX_IRQHandler                       0x080002f7   Thumb Code     0  startup_stm32f407xx.o(.text)
    DCMI_IRQHandler                          0x080002f7   Thumb Code     0  startup_stm32f407xx.o(.text)
    DMA1_Stream0_IRQHandler                  0x080002f7   Thumb Code     0  startup_stm32f407xx.o(.text)
    DMA1_Stream1_IRQHandler                  0x080002f7   Thumb Code     0  startup_stm32f407xx.o(.text)
    DMA1_Stream2_IRQHandler                  0x080002f7   Thumb Code     0  startup_stm32f407xx.o(.text)
    DMA1_Stream3_IRQHandler                  0x080002f7   Thumb Code     0  startup_stm32f407xx.o(.text)
    DMA1_Stream4_IRQHandler                  0x080002f7   Thumb Code     0  startup_stm32f407xx.o(.text)
    DMA1_Stream5_IRQHandler                  0x080002f7   Thumb Code     0  startup_stm32f407xx.o(.text)
    DMA1_Stream6_IRQHandler                  0x080002f7   Thumb Code     0  startup_stm32f407xx.o(.text)
    DMA1_Stream7_IRQHandler                  0x080002f7   Thumb Code     0  startup_stm32f407xx.o(.text)
    DMA2_Stream0_IRQHandler                  0x080002f7   Thumb Code     0  startup_stm32f407xx.o(.text)
    DMA2_Stream1_IRQHandler                  0x080002f7   Thumb Code     0  startup_stm32f407xx.o(.text)
    DMA2_Stream2_IRQHandler                  0x080002f7   Thumb Code     0  startup_stm32f407xx.o(.text)
    DMA2_Stream3_IRQHandler                  0x080002f7   Thumb Code     0  startup_stm32f407xx.o(.text)
    DMA2_Stream4_IRQHandler                  0x080002f7   Thumb Code     0  startup_stm32f407xx.o(.text)
    DMA2_Stream5_IRQHandler                  0x080002f7   Thumb Code     0  startup_stm32f407xx.o(.text)
    DMA2_Stream6_IRQHandler                  0x080002f7   Thumb Code     0  startup_stm32f407xx.o(.text)
    DMA2_Stream7_IRQHandler                  0x080002f7   Thumb Code     0  startup_stm32f407xx.o(.text)
    ETH_IRQHandler                           0x080002f7   Thumb Code     0  startup_stm32f407xx.o(.text)
    ETH_WKUP_IRQHandler                      0x080002f7   Thumb Code     0  startup_stm32f407xx.o(.text)
    EXTI0_IRQHandler                         0x080002f7   Thumb Code     0  startup_stm32f407xx.o(.text)
    EXTI15_10_IRQHandler                     0x080002f7   Thumb Code     0  startup_stm32f407xx.o(.text)
    EXTI1_IRQHandler                         0x080002f7   Thumb Code     0  startup_stm32f407xx.o(.text)
    EXTI2_IRQHandler                         0x080002f7   Thumb Code     0  startup_stm32f407xx.o(.text)
    EXTI3_IRQHandler                         0x080002f7   Thumb Code     0  startup_stm32f407xx.o(.text)
    EXTI4_IRQHandler                         0x080002f7   Thumb Code     0  startup_stm32f407xx.o(.text)
    EXTI9_5_IRQHandler                       0x080002f7   Thumb Code     0  startup_stm32f407xx.o(.text)
    FLASH_IRQHandler                         0x080002f7   Thumb Code     0  startup_stm32f407xx.o(.text)
    FMC_IRQHandler                           0x080002f7   Thumb Code     0  startup_stm32f407xx.o(.text)
    FPU_IRQHandler                           0x080002f7   Thumb Code     0  startup_stm32f407xx.o(.text)
    HASH_RNG_IRQHandler                      0x080002f7   Thumb Code     0  startup_stm32f407xx.o(.text)
    I2C1_ER_IRQHandler                       0x080002f7   Thumb Code     0  startup_stm32f407xx.o(.text)
    I2C1_EV_IRQHandler                       0x080002f7   Thumb Code     0  startup_stm32f407xx.o(.text)
    I2C2_ER_IRQHandler                       0x080002f7   Thumb Code     0  startup_stm32f407xx.o(.text)
    I2C2_EV_IRQHandler                       0x080002f7   Thumb Code     0  startup_stm32f407xx.o(.text)
    I2C3_ER_IRQHandler                       0x080002f7   Thumb Code     0  startup_stm32f407xx.o(.text)
    I2C3_EV_IRQHandler                       0x080002f7   Thumb Code     0  startup_stm32f407xx.o(.text)
    OTG_FS_IRQHandler                        0x080002f7   Thumb Code     0  startup_stm32f407xx.o(.text)
    OTG_FS_WKUP_IRQHandler                   0x080002f7   Thumb Code     0  startup_stm32f407xx.o(.text)
    OTG_HS_EP1_IN_IRQHandler                 0x080002f7   Thumb Code     0  startup_stm32f407xx.o(.text)
    OTG_HS_EP1_OUT_IRQHandler                0x080002f7   Thumb Code     0  startup_stm32f407xx.o(.text)
    OTG_HS_IRQHandler                        0x080002f7   Thumb Code     0  startup_stm32f407xx.o(.text)
    OTG_HS_WKUP_IRQHandler                   0x080002f7   Thumb Code     0  startup_stm32f407xx.o(.text)
    PVD_IRQHandler                           0x080002f7   Thumb Code     0  startup_stm32f407xx.o(.text)
    RCC_IRQHandler                           0x080002f7   Thumb Code     0  startup_stm32f407xx.o(.text)
    RTC_Alarm_IRQHandler                     0x080002f7   Thumb Code     0  startup_stm32f407xx.o(.text)
    RTC_WKUP_IRQHandler                      0x080002f7   Thumb Code     0  startup_stm32f407xx.o(.text)
    SDIO_IRQHandler                          0x080002f7   Thumb Code     0  startup_stm32f407xx.o(.text)
    SPI1_IRQHandler                          0x080002f7   Thumb Code     0  startup_stm32f407xx.o(.text)
    SPI2_IRQHandler                          0x080002f7   Thumb Code     0  startup_stm32f407xx.o(.text)
    SPI3_IRQHandler                          0x080002f7   Thumb Code     0  startup_stm32f407xx.o(.text)
    TAMP_STAMP_IRQHandler                    0x080002f7   Thumb Code     0  startup_stm32f407xx.o(.text)
    TIM1_BRK_TIM9_IRQHandler                 0x080002f7   Thumb Code     0  startup_stm32f407xx.o(.text)
    TIM1_CC_IRQHandler                       0x080002f7   Thumb Code     0  startup_stm32f407xx.o(.text)
    TIM1_TRG_COM_TIM11_IRQHandler            0x080002f7   Thumb Code     0  startup_stm32f407xx.o(.text)
    TIM1_UP_TIM10_IRQHandler                 0x080002f7   Thumb Code     0  startup_stm32f407xx.o(.text)
    TIM2_IRQHandler                          0x080002f7   Thumb Code     0  startup_stm32f407xx.o(.text)
    TIM3_IRQHandler                          0x080002f7   Thumb Code     0  startup_stm32f407xx.o(.text)
    TIM4_IRQHandler                          0x080002f7   Thumb Code     0  startup_stm32f407xx.o(.text)
    TIM5_IRQHandler                          0x080002f7   Thumb Code     0  startup_stm32f407xx.o(.text)
    TIM6_DAC_IRQHandler                      0x080002f7   Thumb Code     0  startup_stm32f407xx.o(.text)
    TIM7_IRQHandler                          0x080002f7   Thumb Code     0  startup_stm32f407xx.o(.text)
    TIM8_BRK_TIM12_IRQHandler                0x080002f7   Thumb Code     0  startup_stm32f407xx.o(.text)
    TIM8_CC_IRQHandler                       0x080002f7   Thumb Code     0  startup_stm32f407xx.o(.text)
    TIM8_TRG_COM_TIM14_IRQHandler            0x080002f7   Thumb Code     0  startup_stm32f407xx.o(.text)
    TIM8_UP_TIM13_IRQHandler                 0x080002f7   Thumb Code     0  startup_stm32f407xx.o(.text)
    UART4_IRQHandler                         0x080002f7   Thumb Code     0  startup_stm32f407xx.o(.text)
    UART5_IRQHandler                         0x080002f7   Thumb Code     0  startup_stm32f407xx.o(.text)
    USART1_IRQHandler                        0x080002f7   Thumb Code     0  startup_stm32f407xx.o(.text)
    USART2_IRQHandler                        0x080002f7   Thumb Code     0  startup_stm32f407xx.o(.text)
    USART3_IRQHandler                        0x080002f7   Thumb Code     0  startup_stm32f407xx.o(.text)
    USART6_IRQHandler                        0x080002f7   Thumb Code     0  startup_stm32f407xx.o(.text)
    WWDG_IRQHandler                          0x080002f7   Thumb Code     0  startup_stm32f407xx.o(.text)
    __user_initial_stackheap                 0x080002f9   Thumb Code     0  startup_stm32f407xx.o(.text)
    __c89vsnprintf                           0x0800031d   Thumb Code    48  c89vsnprintf.o(.text)
    __aeabi_memcpy                           0x08000351   Thumb Code     0  rt_memcpy_v6.o(.text)
    __rt_memcpy                              0x08000351   Thumb Code   138  rt_memcpy_v6.o(.text)
    _memcpy_lastbytes                        0x080003b7   Thumb Code     0  rt_memcpy_v6.o(.text)
    __use_two_region_memory                  0x080003db   Thumb Code     2  heapauxi.o(.text)
    __rt_heap_escrow                         0x080003dd   Thumb Code     2  heapauxi.o(.text)
    __rt_heap_expand                         0x080003df   Thumb Code     2  heapauxi.o(.text)
    __rt_new_handler_addr                    0x080003e1   Thumb Code     8  rt_new_handler_addr_intlibspace.o(.text)
    malloc                                   0x080003e9   Thumb Code    94  h1_alloc.o(.text)
    _printf_pre_padding                      0x08000447   Thumb Code    44  _printf_pad.o(.text)
    _printf_post_padding                     0x08000473   Thumb Code    34  _printf_pad.o(.text)
    _printf_truncate_signed                  0x08000495   Thumb Code    18  _printf_truncate.o(.text)
    _printf_truncate_unsigned                0x080004a7   Thumb Code    18  _printf_truncate.o(.text)
    _printf_str                              0x080004b9   Thumb Code    82  _printf_str.o(.text)
    _printf_int_dec                          0x0800050d   Thumb Code   104  _printf_dec.o(.text)
    _printf_charcount                        0x08000585   Thumb Code    40  _printf_charcount.o(.text)
    _printf_char_common                      0x080005b7   Thumb Code    32  _printf_char_common.o(.text)
    _sputc                                   0x080005dd   Thumb Code    10  _sputc.o(.text)
    _snputc                                  0x080005e7   Thumb Code    16  _snputc.o(.text)
    _printf_wctomb                           0x080005f9   Thumb Code   182  _printf_wctomb.o(.text)
    _printf_longlong_dec                     0x080006b5   Thumb Code   108  _printf_longlong_dec.o(.text)
    _printf_longlong_oct                     0x08000731   Thumb Code    66  _printf_oct_int_ll.o(.text)
    _printf_int_oct                          0x08000773   Thumb Code    24  _printf_oct_int_ll.o(.text)
    _printf_ll_oct                           0x0800078b   Thumb Code    12  _printf_oct_int_ll.o(.text)
    _printf_longlong_hex                     0x080007a1   Thumb Code    86  _printf_hex_int_ll_ptr.o(.text)
    _printf_int_hex                          0x080007f7   Thumb Code    28  _printf_hex_int_ll_ptr.o(.text)
    _printf_ll_hex                           0x08000813   Thumb Code    12  _printf_hex_int_ll_ptr.o(.text)
    _printf_hex_ptr                          0x0800081f   Thumb Code    18  _printf_hex_int_ll_ptr.o(.text)
    __printf                                 0x08000835   Thumb Code   388  __printf_flags_ss_wp.o(.text)
    __aeabi_memcpy4                          0x080009bd   Thumb Code     0  rt_memcpy_w.o(.text)
    __aeabi_memcpy8                          0x080009bd   Thumb Code     0  rt_memcpy_w.o(.text)
    __rt_memcpy_w                            0x080009bd   Thumb Code   100  rt_memcpy_w.o(.text)
    _memcpy_lastbytes_aligned                0x08000a05   Thumb Code     0  rt_memcpy_w.o(.text)
    __default_new_handler()                  0x08000a21   Thumb Code     4  arm_newhandler_noexceptions.o(.text)
    __user_libspace                          0x08000a25   Thumb Code     8  libspace.o(.text)
    __user_perproc_libspace                  0x08000a25   Thumb Code     0  libspace.o(.text)
    __user_perthread_libspace                0x08000a25   Thumb Code     0  libspace.o(.text)
    __rt_heap_descriptor                     0x08000a2d   Thumb Code     8  rt_heap_descriptor_intlibspace.o(.text)
    __use_no_heap                            0x08000a35   Thumb Code     2  hguard.o(.text)
    __heap$guard                             0x08000a37   Thumb Code     2  hguard.o(.text)
    _terminate_user_alloc                    0x08000a39   Thumb Code     2  init_alloc.o(.text)
    _init_user_alloc                         0x08000a3b   Thumb Code     2  init_alloc.o(.text)
    __Heap_Full                              0x08000a3d   Thumb Code    34  init_alloc.o(.text)
    __Heap_Broken                            0x08000a5f   Thumb Code     6  init_alloc.o(.text)
    _init_alloc                              0x08000a65   Thumb Code    94  init_alloc.o(.text)
    __Heap_Initialize                        0x08000ac3   Thumb Code    10  h1_init.o(.text)
    __Heap_DescSize                          0x08000acd   Thumb Code     4  h1_init.o(.text)
    free                                     0x08000ad1   Thumb Code    78  h1_free.o(.text)
    _ll_udiv10                               0x08000b1f   Thumb Code   138  lludiv10.o(.text)
    _printf_int_common                       0x08000ba9   Thumb Code   178  _printf_intcommon.o(.text)
    __lib_sel_fp_printf                      0x08000c5b   Thumb Code     2  _printf_fp_dec.o(.text)
    _printf_fp_dec_real                      0x08000e09   Thumb Code   620  _printf_fp_dec.o(.text)
    _printf_cs_common                        0x08001075   Thumb Code    20  _printf_char.o(.text)
    _printf_char                             0x08001089   Thumb Code    16  _printf_char.o(.text)
    _printf_string                           0x08001099   Thumb Code     8  _printf_char.o(.text)
    _printf_lcs_common                       0x080010a1   Thumb Code    20  _printf_wchar.o(.text)
    _printf_wchar                            0x080010b5   Thumb Code    16  _printf_wchar.o(.text)
    _printf_wstring                          0x080010c5   Thumb Code     8  _printf_wchar.o(.text)
    _wcrtomb                                 0x080010cd   Thumb Code    64  _wcrtomb.o(.text)
    std::terminate()                         0x0800110d   Thumb Code    26  arm_exceptions_terminate.o(.text)
    __user_setup_stackheap                   0x08001127   Thumb Code    74  sys_stackheap_outer.o(.text)
    __rt_ctype_table                         0x08001171   Thumb Code    16  rt_ctype_table.o(.text)
    __rt_locale                              0x08001181   Thumb Code     8  rt_locale_intlibspace.o(.text)
    __Heap_ProvideMemory                     0x08001189   Thumb Code    52  h1_extend.o(.text)
    _printf_fp_infnan                        0x080011bd   Thumb Code   112  _printf_fp_infnan.o(.text)
    _btod_etento                             0x0800123d   Thumb Code   216  bigflt0.o(.text)
    exit                                     0x08001319   Thumb Code    18  exit.o(.text)
    abort                                    0x0800132b   Thumb Code    22  abort.o(.text)
    __rt_SIGRTMEM                            0x08001341   Thumb Code    14  defsig_rtmem_outer.o(.text)
    __cxa_get_globals                        0x08001357   Thumb Code    62  arm_exceptions_globs.o(.text)
    _sys_exit                                0x080013a1   Thumb Code     8  sys_exit.o(.text)
    __I$use$semihosting                      0x080013ad   Thumb Code     0  use_no_semi.o(.text)
    __use_no_semihosting_swi                 0x080013ad   Thumb Code     2  use_no_semi.o(.text)
    __semihosting_library_function           0x080013af   Thumb Code     0  indicate_semi.o(.text)
    __rt_eh_globals_addr                     0x080013b1   Thumb Code     8  rt_eh_globals_addr_intlibspace.o(.text)
    __sig_exit                               0x080013b9   Thumb Code    10  defsig_exit.o(.text)
    __rt_SIGABRT                             0x080013c3   Thumb Code    14  defsig_abrt_outer.o(.text)
    __rt_SIGRTMEM_inner                      0x080013d1   Thumb Code    22  defsig_rtmem_inner.o(.text)
    strcmp                                   0x08001421   Thumb Code   128  strcmpv7m.o(.text)
    __ARM_exceptions_buffer_init             0x080014a1   Thumb Code    18  arm_exceptions_mem.o(.text)
    __ARM_exceptions_buffer_allocate         0x080014b3   Thumb Code    22  arm_exceptions_mem.o(.text)
    __ARM_exceptions_buffer_free             0x080014c9   Thumb Code    20  arm_exceptions_mem.o(.text)
    __default_signal_display                 0x080014dd   Thumb Code    50  defsig_general.o(.text)
    __rt_SIGABRT_inner                       0x08001511   Thumb Code    14  defsig_abrt_inner.o(.text)
    _ttywrch                                 0x08001541   Thumb Code    14  sys_wrch.o(.text)
    _btod_d2e                                0x0800154f   Thumb Code    62  btod.o(CL$$btod_d2e)
    _d2e_denorm_low                          0x0800158d   Thumb Code    70  btod.o(CL$$btod_d2e_denorm_low)
    _d2e_norm_op1                            0x080015d3   Thumb Code    96  btod.o(CL$$btod_d2e_norm_op1)
    __btod_div_common                        0x08001633   Thumb Code   696  btod.o(CL$$btod_div_common)
    _e2e                                     0x0800196b   Thumb Code   198  btod.o(CL$$btod_e2e)
    _btod_ediv                               0x08001a31   Thumb Code    40  btod.o(CL$$btod_ediv)
    _btod_emul                               0x08001a59   Thumb Code    40  btod.o(CL$$btod_emul)
    __btod_mult_common                       0x08001a81   Thumb Code   580  btod.o(CL$$btod_mult_common)
    BusFault_Handler                         0x08001cc5   Thumb Code     2  stm32f4xx_it.o(i.BusFault_Handler)
    DebugMon_Handler                         0x08001cc7   Thumb Code     2  stm32f4xx_it.o(i.DebugMon_Handler)
    GPIO_Init                                0x08001cc9   Thumb Code   120  stm32f4xx_gpio.o(i.GPIO_Init)
    GPIO_PinAFConfig                         0x08001d41   Thumb Code    32  stm32f4xx_gpio.o(i.GPIO_PinAFConfig)
    GPIO_ReadInputDataBit                    0x08001d61   Thumb Code    14  stm32f4xx_gpio.o(i.GPIO_ReadInputDataBit)
    GPIO_WriteBit                            0x08001d6f   Thumb Code    10  stm32f4xx_gpio.o(i.GPIO_WriteBit)
    HardFault_Handler                        0x08001d79   Thumb Code     2  stm32f4xx_it.o(i.HardFault_Handler)
    MemManage_Handler                        0x08001d7b   Thumb Code     2  stm32f4xx_it.o(i.MemManage_Handler)
    NMI_Handler                              0x08001d7d   Thumb Code     2  stm32f4xx_it.o(i.NMI_Handler)
    PendSV_Handler                           0x08001d7f   Thumb Code     2  stm32f4xx_it.o(i.PendSV_Handler)
    RCC_AHB1PeriphClockCmd                   0x08001d81   Thumb Code    18  stm32f4xx_rcc.o(i.RCC_AHB1PeriphClockCmd)
    RCC_APB1PeriphClockCmd                   0x08001d99   Thumb Code    18  stm32f4xx_rcc.o(i.RCC_APB1PeriphClockCmd)
    RCC_APB2PeriphClockCmd                   0x08001db1   Thumb Code    18  stm32f4xx_rcc.o(i.RCC_APB2PeriphClockCmd)
    RCC_GetClocksFreq                        0x08001dc9   Thumb Code   132  stm32f4xx_rcc.o(i.RCC_GetClocksFreq)
    SPI_Cmd                                  0x08001e5d   Thumb Code    20  stm32f4xx_spi.o(i.SPI_Cmd)
    SPI_I2S_GetFlagStatus                    0x08001e71   Thumb Code    14  stm32f4xx_spi.o(i.SPI_I2S_GetFlagStatus)
    SPI_I2S_ReceiveData                      0x08001e7f   Thumb Code     4  stm32f4xx_spi.o(i.SPI_I2S_ReceiveData)
    SPI_I2S_SendData                         0x08001e83   Thumb Code     4  stm32f4xx_spi.o(i.SPI_I2S_SendData)
    SPI_Init                                 0x08001e87   Thumb Code    56  stm32f4xx_spi.o(i.SPI_Init)
    SVC_Handler                              0x08001ebf   Thumb Code     2  stm32f4xx_it.o(i.SVC_Handler)
    SysTick_Handler                          0x08001ec1   Thumb Code     4  stm32f4xx_it.o(i.SysTick_Handler)
    SystemCoreClockUpdate                    0x08001ec5   Thumb Code   104  system_stm32f4xx_1.o(i.SystemCoreClockUpdate)
    SystemInit                               0x08001f41   Thumb Code    66  system_stm32f4xx_1.o(i.SystemInit)
    USART_Cmd                                0x08001f95   Thumb Code    20  stm32f4xx_usart.o(i.USART_Cmd)
    USART_GetFlagStatus                      0x08001fa9   Thumb Code    14  stm32f4xx_usart.o(i.USART_GetFlagStatus)
    USART_Init                               0x08001fb9   Thumb Code   164  stm32f4xx_usart.o(i.USART_Init)
    USART_SendData                           0x08002065   Thumb Code     8  stm32f4xx_usart.o(i.USART_SendData)
    UsageFault_Handler                       0x0800206d   Thumb Code     2  stm32f4xx_it.o(i.UsageFault_Handler)
    printf_init()                            0x08002071   Thumb Code   136  printf_.o(i._Z11printf_initv)
    CPUTIMER0_ISR()                          0x08002101   Thumb Code    20  timer.o(i._Z13CPUTIMER0_ISRv)
    putchar(char)                            0x08002119   Thumb Code    26  printf_.o(i._Z7putcharc)
    myprintf(const char*, ...)               0x08002139   Thumb Code    48  printf_.o(i._Z8myprintfPKcz)
    CBaseTimer::initialize()                 0x08002169   Thumb Code    52  timer.o(i._ZN10CBaseTimer10initializeEv)
    CBaseTimer::doUpdate()                   0x080021a5   Thumb Code    16  timer.o(i._ZN10CBaseTimer8doUpdateEv)
    CBaseTimer::CBaseTimer()                 0x080021b5   Thumb Code    16  timer.o(i._ZN10CBaseTimerC1Ev)
    CBaseTimer::CBaseTimer__sub_object()     0x080021b5   Thumb Code     0  timer.o(i._ZN10CBaseTimerC1Ev)
    Cimu::Init(unsigned char)                0x080021c5   Thumb Code   104  imu.o(i._ZN4Cimu4InitEh)
    Cimu::Update(unsigned char)              0x0800222d   Thumb Code   190  imu.o(i._ZN4Cimu6UpdateEh)
    Cimu::GetData(unsigned char)             0x080022eb   Thumb Code    10  imu.o(i._ZN4Cimu7GetDataEh)
    Cimu::ReadReg(unsigned char, unsigned short) 0x080022f5   Thumb Code   174  imu.o(i._ZN4Cimu7ReadRegEht)
    Cimu::WriteReg(unsigned char, unsigned char, unsigned short) 0x080023c1   Thumb Code   174  imu.o(i._ZN4Cimu8WriteRegEhht)
    Cled::OFF()                              0x0800248d   Thumb Code    10  cled.o(i._ZN4Cled3OFFEv)
    Cled::Init()                             0x0800249d   Thumb Code    46  cled.o(i._ZN4Cled4InitEv)
    Cled::Toggle()                           0x080024d1   Thumb Code    34  cled.o(i._ZN4Cled6ToggleEv)
    Cled::Cled()                             0x080024f9   Thumb Code    12  cled.o(i._ZN4CledC1Ev)
    Cled::Cled__sub_object()                 0x080024f9   Thumb Code     0  cled.o(i._ZN4CledC1Ev)
    Cspi::Init(SPI_TypeDef*)                 0x08002505   Thumb Code   526  cspi.o(i._ZN4Cspi4InitEP11SPI_TypeDef)
    Timer::isAbsoluteTimeUp()                0x08002731   Thumb Code    36  timer.o(i._ZN5Timer16isAbsoluteTimeUpEv)
    Timer::Timer(int, int)                   0x08002755   Thumb Code    22  timer.o(i._ZN5TimerC1Eii)
    Timer::Timer__sub_object(int, int)       0x08002755   Thumb Code     0  timer.o(i._ZN5TimerC1Eii)
    operator new(unsigned)                   0x0800276d   Thumb Code    34  new.o(i._Znwj)
    __ARM_fpclassify                         0x08002795   Thumb Code    48  fpclassify.o(i.__ARM_fpclassify)
    _is_digit                                0x080027c5   Thumb Code    14  __printf_wp.o(i._is_digit)
    main                                     0x080027d5   Thumb Code   194  main.o(i.main)
    _get_lc_numeric                          0x080028d9   Thumb Code    44  lc_numeric_c.o(locale$$code)
    _get_lc_ctype                            0x08002905   Thumb Code    44  lc_ctype_c.o(locale$$code)
    NormalSingleton<CBaseTimer>::Instance()  0x08002931   Thumb Code    24  timer.o(t._ZN15NormalSingletonI10CBaseTimerE8InstanceEv)
    NormalSingleton<Cimu>::Instance()        0x0800294d   Thumb Code    20  main.o(t._ZN15NormalSingletonI4CimuE8InstanceEv)
    NormalSingleton<Cled>::Instance()        0x08002965   Thumb Code    24  main.o(t._ZN15NormalSingletonI4CledE8InstanceEv)
    NormalSingleton<Cspi>::Instance()        0x08002981   Thumb Code    20  main.o(t._ZN15NormalSingletonI4CspiE8InstanceEv)
    _fp_init                                 0x08002999   Thumb Code    10  fpinit.o(x$fpl$fpinit)
    __fplib_config_fpu_vfp                   0x080029a1   Thumb Code     0  fpinit.o(x$fpl$fpinit)
    __fplib_config_pureend_doubles           0x080029a1   Thumb Code     0  fpinit.o(x$fpl$fpinit)
    _printf_fp_dec                           0x080029a3   Thumb Code     4  printf1.o(x$fpl$printf1)
    __I$use$fp                               0x080029a6   Number         0  usenofp.o(x$fpl$usenofp)
    Region$$Table$$Base                      0x08002a90   Number         0  anon$$obj.o(Region$$Table)
    Region$$Table$$Limit                     0x08002ab0   Number         0  anon$$obj.o(Region$$Table)
    __ctype                                  0x08002ad9   Data           0  lc_ctype_c.o(locale$$data)
    SystemCoreClock                          0x20000010   Data           4  system_stm32f4xx_1.o(.data)
    NormalSingleton<CBaseTimer>::ins         0x20000014   Data           4  main.o(.data__ZN15NormalSingletonI10CBaseTimerE3insE)
    NormalSingleton<Cimu>::ins               0x20000018   Data           4  main.o(.data__ZN15NormalSingletonI4CimuE3insE)
    NormalSingleton<Cled>::ins               0x2000001c   Data           4  main.o(.data__ZN15NormalSingletonI4CledE3insE)
    NormalSingleton<Cspi>::ins               0x20000020   Data           4  main.o(.data__ZN15NormalSingletonI4CspiE3insE)
    __libspace_start                         0x20000024   Data          96  libspace.o(.bss)
    __temporary_stack_top$libspace           0x20000084   Data           0  libspace.o(.bss)



==============================================================================

Memory Map of the image

  Image Entry point : 0x08000189

  Load Region LR_IROM1 (Base: 0x08000000, Size: 0x00002c00, Max: 0x00080000, ABSOLUTE)

    Execution Region ER_IROM1 (Base: 0x08000000, Size: 0x00002bdc, Max: 0x00080000, ABSOLUTE)

    Base Addr    Size         Type   Attr      Idx    E Section Name        Object

    0x08000000   0x00000188   Data   RO         6118    RESET               startup_stm32f407xx.o
    0x08000188   0x00000008   Code   RO         6170  * !!!main             c_w.l(__main.o)
    0x08000190   0x00000034   Code   RO         6797    !!!scatter          c_w.l(__scatter.o)
    0x080001c4   0x0000001a   Code   RO         6799    !!handler_copy      c_w.l(__scatter_copy.o)
    0x080001de   0x00000002   PAD
    0x080001e0   0x0000001c   Code   RO         6801    !!handler_zi        c_w.l(__scatter_zi.o)
    0x080001fc   0x00000000   Code   RO         6321    .ARM.Collect$$_printf_percent$$00000000  c_w.l(_printf_percent.o)
    0x080001fc   0x00000006   Code   RO         6310    .ARM.Collect$$_printf_percent$$00000001  c_w.l(_printf_n.o)
    0x08000202   0x00000006   Code   RO         6312    .ARM.Collect$$_printf_percent$$00000002  c_w.l(_printf_p.o)
    0x08000208   0x00000006   Code   RO         6317    .ARM.Collect$$_printf_percent$$00000003  c_w.l(_printf_f.o)
    0x0800020e   0x00000006   Code   RO         6318    .ARM.Collect$$_printf_percent$$00000004  c_w.l(_printf_e.o)
    0x08000214   0x00000006   Code   RO         6319    .ARM.Collect$$_printf_percent$$00000005  c_w.l(_printf_g.o)
    0x0800021a   0x00000006   Code   RO         6320    .ARM.Collect$$_printf_percent$$00000006  c_w.l(_printf_a.o)
    0x08000220   0x0000000a   Code   RO         6325    .ARM.Collect$$_printf_percent$$00000007  c_w.l(_printf_ll.o)
    0x0800022a   0x00000006   Code   RO         6314    .ARM.Collect$$_printf_percent$$00000008  c_w.l(_printf_i.o)
    0x08000230   0x00000006   Code   RO         6315    .ARM.Collect$$_printf_percent$$00000009  c_w.l(_printf_d.o)
    0x08000236   0x00000006   Code   RO         6316    .ARM.Collect$$_printf_percent$$0000000A  c_w.l(_printf_u.o)
    0x0800023c   0x00000006   Code   RO         6313    .ARM.Collect$$_printf_percent$$0000000B  c_w.l(_printf_o.o)
    0x08000242   0x00000006   Code   RO         6311    .ARM.Collect$$_printf_percent$$0000000C  c_w.l(_printf_x.o)
    0x08000248   0x00000006   Code   RO         6322    .ARM.Collect$$_printf_percent$$0000000D  c_w.l(_printf_lli.o)
    0x0800024e   0x00000006   Code   RO         6323    .ARM.Collect$$_printf_percent$$0000000E  c_w.l(_printf_lld.o)
    0x08000254   0x00000006   Code   RO         6324    .ARM.Collect$$_printf_percent$$0000000F  c_w.l(_printf_llu.o)
    0x0800025a   0x00000006   Code   RO         6329    .ARM.Collect$$_printf_percent$$00000010  c_w.l(_printf_llo.o)
    0x08000260   0x00000006   Code   RO         6330    .ARM.Collect$$_printf_percent$$00000011  c_w.l(_printf_llx.o)
    0x08000266   0x0000000a   Code   RO         6326    .ARM.Collect$$_printf_percent$$00000012  c_w.l(_printf_l.o)
    0x08000270   0x00000006   Code   RO         6308    .ARM.Collect$$_printf_percent$$00000013  c_w.l(_printf_c.o)
    0x08000276   0x00000006   Code   RO         6309    .ARM.Collect$$_printf_percent$$00000014  c_w.l(_printf_s.o)
    0x0800027c   0x00000006   Code   RO         6327    .ARM.Collect$$_printf_percent$$00000015  c_w.l(_printf_lc.o)
    0x08000282   0x00000006   Code   RO         6328    .ARM.Collect$$_printf_percent$$00000016  c_w.l(_printf_ls.o)
    0x08000288   0x00000004   Code   RO         6417    .ARM.Collect$$_printf_percent$$00000017  c_w.l(_printf_percent_end.o)
    0x0800028c   0x00000002   Code   RO         6662    .ARM.Collect$$libinit$$00000000  c_w.l(libinit.o)
    0x0800028e   0x00000004   Code   RO         6422    .ARM.Collect$$libinit$$00000001  c_w.l(libinit2.o)
    0x08000292   0x00000000   Code   RO         6425    .ARM.Collect$$libinit$$00000004  c_w.l(libinit2.o)
    0x08000292   0x00000008   Code   RO         6426    .ARM.Collect$$libinit$$00000005  c_w.l(libinit2.o)
    0x0800029a   0x00000000   Code   RO         6428    .ARM.Collect$$libinit$$0000000A  c_w.l(libinit2.o)
    0x0800029a   0x00000000   Code   RO         6430    .ARM.Collect$$libinit$$0000000C  c_w.l(libinit2.o)
    0x0800029a   0x00000000   Code   RO         6432    .ARM.Collect$$libinit$$0000000E  c_w.l(libinit2.o)
    0x0800029a   0x00000006   Code   RO         6433    .ARM.Collect$$libinit$$0000000F  c_w.l(libinit2.o)
    0x080002a0   0x00000000   Code   RO         6435    .ARM.Collect$$libinit$$00000011  c_w.l(libinit2.o)
    0x080002a0   0x0000000c   Code   RO         6436    .ARM.Collect$$libinit$$00000012  c_w.l(libinit2.o)
    0x080002ac   0x00000000   Code   RO         6437    .ARM.Collect$$libinit$$00000013  c_w.l(libinit2.o)
    0x080002ac   0x00000000   Code   RO         6439    .ARM.Collect$$libinit$$00000015  c_w.l(libinit2.o)
    0x080002ac   0x0000000a   Code   RO         6440    .ARM.Collect$$libinit$$00000016  c_w.l(libinit2.o)
    0x080002b6   0x00000000   Code   RO         6441    .ARM.Collect$$libinit$$00000017  c_w.l(libinit2.o)
    0x080002b6   0x00000000   Code   RO         6443    .ARM.Collect$$libinit$$00000019  c_w.l(libinit2.o)
    0x080002b6   0x00000000   Code   RO         6445    .ARM.Collect$$libinit$$0000001B  c_w.l(libinit2.o)
    0x080002b6   0x00000000   Code   RO         6447    .ARM.Collect$$libinit$$0000001D  c_w.l(libinit2.o)
    0x080002b6   0x00000000   Code   RO         6449    .ARM.Collect$$libinit$$0000001F  c_w.l(libinit2.o)
    0x080002b6   0x00000000   Code   RO         6451    .ARM.Collect$$libinit$$00000021  c_w.l(libinit2.o)
    0x080002b6   0x00000000   Code   RO         6453    .ARM.Collect$$libinit$$00000023  c_w.l(libinit2.o)
    0x080002b6   0x00000000   Code   RO         6455    .ARM.Collect$$libinit$$00000025  c_w.l(libinit2.o)
    0x080002b6   0x00000000   Code   RO         6459    .ARM.Collect$$libinit$$0000002C  c_w.l(libinit2.o)
    0x080002b6   0x00000000   Code   RO         6461    .ARM.Collect$$libinit$$0000002E  c_w.l(libinit2.o)
    0x080002b6   0x00000000   Code   RO         6463    .ARM.Collect$$libinit$$00000030  c_w.l(libinit2.o)
    0x080002b6   0x00000000   Code   RO         6465    .ARM.Collect$$libinit$$00000032  c_w.l(libinit2.o)
    0x080002b6   0x00000002   Code   RO         6466    .ARM.Collect$$libinit$$00000033  c_w.l(libinit2.o)
    0x080002b8   0x00000002   Code   RO         6780    .ARM.Collect$$libshutdown$$00000000  c_w.l(libshutdown.o)
    0x080002ba   0x00000000   Code   RO         6759    .ARM.Collect$$libshutdown$$00000002  c_w.l(libshutdown2.o)
    0x080002ba   0x00000000   Code   RO         6761    .ARM.Collect$$libshutdown$$00000004  c_w.l(libshutdown2.o)
    0x080002ba   0x00000000   Code   RO         6764    .ARM.Collect$$libshutdown$$00000007  c_w.l(libshutdown2.o)
    0x080002ba   0x00000000   Code   RO         6767    .ARM.Collect$$libshutdown$$0000000A  c_w.l(libshutdown2.o)
    0x080002ba   0x00000000   Code   RO         6769    .ARM.Collect$$libshutdown$$0000000C  c_w.l(libshutdown2.o)
    0x080002ba   0x00000000   Code   RO         6772    .ARM.Collect$$libshutdown$$0000000F  c_w.l(libshutdown2.o)
    0x080002ba   0x00000002   Code   RO         6773    .ARM.Collect$$libshutdown$$00000010  c_w.l(libshutdown2.o)
    0x080002bc   0x00000000   Code   RO         6176    .ARM.Collect$$rtentry$$00000000  c_w.l(__rtentry.o)
    0x080002bc   0x00000000   Code   RO         6360    .ARM.Collect$$rtentry$$00000002  c_w.l(__rtentry2.o)
    0x080002bc   0x00000006   Code   RO         6372    .ARM.Collect$$rtentry$$00000004  c_w.l(__rtentry4.o)
    0x080002c2   0x00000000   Code   RO         6362    .ARM.Collect$$rtentry$$00000009  c_w.l(__rtentry2.o)
    0x080002c2   0x00000004   Code   RO         6363    .ARM.Collect$$rtentry$$0000000A  c_w.l(__rtentry2.o)
    0x080002c6   0x00000000   Code   RO         6365    .ARM.Collect$$rtentry$$0000000C  c_w.l(__rtentry2.o)
    0x080002c6   0x00000008   Code   RO         6366    .ARM.Collect$$rtentry$$0000000D  c_w.l(__rtentry2.o)
    0x080002ce   0x00000002   Code   RO         6701    .ARM.Collect$$rtexit$$00000000  c_w.l(rtexit.o)
    0x080002d0   0x00000000   Code   RO         6742    .ARM.Collect$$rtexit$$00000002  c_w.l(rtexit2.o)
    0x080002d0   0x00000004   Code   RO         6743    .ARM.Collect$$rtexit$$00000003  c_w.l(rtexit2.o)
    0x080002d4   0x00000006   Code   RO         6744    .ARM.Collect$$rtexit$$00000004  c_w.l(rtexit2.o)
    0x080002da   0x00000002   PAD
    0x080002dc   0x00000000   Code   RO         6608    .emb_text           c_w.l(maybetermalloc1.o)
    0x080002dc   0x00000040   Code   RO         6119    .text               startup_stm32f407xx.o
    0x0800031c   0x00000034   Code   RO         6164    .text               c_w.l(c89vsnprintf.o)
    0x08000350   0x0000008a   Code   RO         6166    .text               c_w.l(rt_memcpy_v6.o)
    0x080003da   0x00000006   Code   RO         6168    .text               c_w.l(heapauxi.o)
    0x080003e0   0x00000008   Code   RO         6180    .text               c_w.l(rt_new_handler_addr_intlibspace.o)
    0x080003e8   0x0000005e   Code   RO         6184    .text               c_w.l(h1_alloc.o)
    0x08000446   0x0000004e   Code   RO         6240    .text               c_w.l(_printf_pad.o)
    0x08000494   0x00000024   Code   RO         6242    .text               c_w.l(_printf_truncate.o)
    0x080004b8   0x00000052   Code   RO         6244    .text               c_w.l(_printf_str.o)
    0x0800050a   0x00000002   PAD
    0x0800050c   0x00000078   Code   RO         6246    .text               c_w.l(_printf_dec.o)
    0x08000584   0x00000028   Code   RO         6248    .text               c_w.l(_printf_charcount.o)
    0x080005ac   0x00000030   Code   RO         6250    .text               c_w.l(_printf_char_common.o)
    0x080005dc   0x0000000a   Code   RO         6252    .text               c_w.l(_sputc.o)
    0x080005e6   0x00000010   Code   RO         6254    .text               c_w.l(_snputc.o)
    0x080005f6   0x00000002   PAD
    0x080005f8   0x000000bc   Code   RO         6256    .text               c_w.l(_printf_wctomb.o)
    0x080006b4   0x0000007c   Code   RO         6259    .text               c_w.l(_printf_longlong_dec.o)
    0x08000730   0x00000070   Code   RO         6265    .text               c_w.l(_printf_oct_int_ll.o)
    0x080007a0   0x00000094   Code   RO         6285    .text               c_w.l(_printf_hex_int_ll_ptr.o)
    0x08000834   0x00000188   Code   RO         6305    .text               c_w.l(__printf_flags_ss_wp.o)
    0x080009bc   0x00000064   Code   RO         6331    .text               c_w.l(rt_memcpy_w.o)
    0x08000a20   0x00000004   Code   RO         6336    .text               cpprt_w.l(arm_newhandler_noexceptions.o)
    0x08000a24   0x00000008   Code   RO         6354    .text               c_w.l(libspace.o)
    0x08000a2c   0x00000008   Code   RO         6377    .text               c_w.l(rt_heap_descriptor_intlibspace.o)
    0x08000a34   0x00000004   Code   RO         6379    .text               c_w.l(hguard.o)
    0x08000a38   0x0000008a   Code   RO         6381    .text               c_w.l(init_alloc.o)
    0x08000ac2   0x0000000e   Code   RO         6387    .text               c_w.l(h1_init.o)
    0x08000ad0   0x0000004e   Code   RO         6389    .text               c_w.l(h1_free.o)
    0x08000b1e   0x0000008a   Code   RO         6405    .text               c_w.l(lludiv10.o)
    0x08000ba8   0x000000b2   Code   RO         6407    .text               c_w.l(_printf_intcommon.o)
    0x08000c5a   0x0000041a   Code   RO         6409    .text               c_w.l(_printf_fp_dec.o)
    0x08001074   0x0000002c   Code   RO         6413    .text               c_w.l(_printf_char.o)
    0x080010a0   0x0000002c   Code   RO         6415    .text               c_w.l(_printf_wchar.o)
    0x080010cc   0x00000040   Code   RO         6418    .text               c_w.l(_wcrtomb.o)
    0x0800110c   0x0000001a   Code   RO         6589    .text               cpprt_w.l(arm_exceptions_terminate.o)
    0x08001126   0x0000004a   Code   RO         6597    .text               c_w.l(sys_stackheap_outer.o)
    0x08001170   0x00000010   Code   RO         6599    .text               c_w.l(rt_ctype_table.o)
    0x08001180   0x00000008   Code   RO         6604    .text               c_w.l(rt_locale_intlibspace.o)
    0x08001188   0x00000034   Code   RO         6610    .text               c_w.l(h1_extend.o)
    0x080011bc   0x00000080   Code   RO         6614    .text               c_w.l(_printf_fp_infnan.o)
    0x0800123c   0x000000dc   Code   RO         6616    .text               c_w.l(bigflt0.o)
    0x08001318   0x00000012   Code   RO         6644    .text               c_w.l(exit.o)
    0x0800132a   0x00000016   Code   RO         6646    .text               c_w.l(abort.o)
    0x08001340   0x0000000e   Code   RO         6648    .text               c_w.l(defsig_rtmem_outer.o)
    0x0800134e   0x00000002   PAD
    0x08001350   0x00000050   Code   RO         6679    .text               cpprt_w.l(arm_exceptions_globs.o)
    0x080013a0   0x0000000c   Code   RO         6696    .text               c_w.l(sys_exit.o)
    0x080013ac   0x00000002   Code   RO         6698    .text               c_w.l(use_no_semi.o)
    0x080013ae   0x00000000   Code   RO         6700    .text               c_w.l(indicate_semi.o)
    0x080013ae   0x00000002   PAD
    0x080013b0   0x00000008   Code   RO         6708    .text               c_w.l(rt_eh_globals_addr_intlibspace.o)
    0x080013b8   0x0000000a   Code   RO         6717    .text               c_w.l(defsig_exit.o)
    0x080013c2   0x0000000e   Code   RO         6719    .text               c_w.l(defsig_abrt_outer.o)
    0x080013d0   0x00000050   Code   RO         6723    .text               c_w.l(defsig_rtmem_inner.o)
    0x08001420   0x00000080   Code   RO         6725    .text               c_w.l(strcmpv7m.o)
    0x080014a0   0x0000003c   Code   RO         6734    .text               cpprt_w.l(arm_exceptions_mem.o)
    0x080014dc   0x00000032   Code   RO         6754    .text               c_w.l(defsig_general.o)
    0x0800150e   0x00000002   PAD
    0x08001510   0x00000030   Code   RO         6756    .text               c_w.l(defsig_abrt_inner.o)
    0x08001540   0x0000000e   Code   RO         6774    .text               c_w.l(sys_wrch.o)
    0x0800154e   0x0000003e   Code   RO         6619    CL$$btod_d2e        c_w.l(btod.o)
    0x0800158c   0x00000046   Code   RO         6621    CL$$btod_d2e_denorm_low  c_w.l(btod.o)
    0x080015d2   0x00000060   Code   RO         6620    CL$$btod_d2e_norm_op1  c_w.l(btod.o)
    0x08001632   0x00000338   Code   RO         6629    CL$$btod_div_common  c_w.l(btod.o)
    0x0800196a   0x000000c6   Code   RO         6626    CL$$btod_e2e        c_w.l(btod.o)
    0x08001a30   0x00000028   Code   RO         6623    CL$$btod_ediv       c_w.l(btod.o)
    0x08001a58   0x00000028   Code   RO         6622    CL$$btod_emul       c_w.l(btod.o)
    0x08001a80   0x00000244   Code   RO         6628    CL$$btod_mult_common  c_w.l(btod.o)
    0x08001cc4   0x00000002   Code   RO          299    i.BusFault_Handler  stm32f4xx_it.o
    0x08001cc6   0x00000002   Code   RO          300    i.DebugMon_Handler  stm32f4xx_it.o
    0x08001cc8   0x00000078   Code   RO         1068    i.GPIO_Init         stm32f4xx_gpio.o
    0x08001d40   0x00000020   Code   RO         1069    i.GPIO_PinAFConfig  stm32f4xx_gpio.o
    0x08001d60   0x0000000e   Code   RO         1072    i.GPIO_ReadInputDataBit  stm32f4xx_gpio.o
    0x08001d6e   0x0000000a   Code   RO         1080    i.GPIO_WriteBit     stm32f4xx_gpio.o
    0x08001d78   0x00000002   Code   RO          301    i.HardFault_Handler  stm32f4xx_it.o
    0x08001d7a   0x00000002   Code   RO          302    i.MemManage_Handler  stm32f4xx_it.o
    0x08001d7c   0x00000002   Code   RO          303    i.NMI_Handler       stm32f4xx_it.o
    0x08001d7e   0x00000002   Code   RO          304    i.PendSV_Handler    stm32f4xx_it.o
    0x08001d80   0x00000018   Code   RO         1373    i.RCC_AHB1PeriphClockCmd  stm32f4xx_rcc.o
    0x08001d98   0x00000018   Code   RO         1382    i.RCC_APB1PeriphClockCmd  stm32f4xx_rcc.o
    0x08001db0   0x00000018   Code   RO         1385    i.RCC_APB2PeriphClockCmd  stm32f4xx_rcc.o
    0x08001dc8   0x00000094   Code   RO         1394    i.RCC_GetClocksFreq  stm32f4xx_rcc.o
    0x08001e5c   0x00000014   Code   RO         2185    i.SPI_Cmd           stm32f4xx_spi.o
    0x08001e70   0x0000000e   Code   RO         2193    i.SPI_I2S_GetFlagStatus  stm32f4xx_spi.o
    0x08001e7e   0x00000004   Code   RO         2196    i.SPI_I2S_ReceiveData  stm32f4xx_spi.o
    0x08001e82   0x00000004   Code   RO         2197    i.SPI_I2S_SendData  stm32f4xx_spi.o
    0x08001e86   0x00000038   Code   RO         2198    i.SPI_Init          stm32f4xx_spi.o
    0x08001ebe   0x00000002   Code   RO          305    i.SVC_Handler       stm32f4xx_it.o
    0x08001ec0   0x00000004   Code   RO          306    i.SysTick_Handler   stm32f4xx_it.o
    0x08001ec4   0x0000007c   Code   RO         6126    i.SystemCoreClockUpdate  system_stm32f4xx_1.o
    0x08001f40   0x00000054   Code   RO         6127    i.SystemInit        system_stm32f4xx_1.o
    0x08001f94   0x00000014   Code   RO         3084    i.USART_Cmd         stm32f4xx_usart.o
    0x08001fa8   0x0000000e   Code   RO         3087    i.USART_GetFlagStatus  stm32f4xx_usart.o
    0x08001fb6   0x00000002   PAD
    0x08001fb8   0x000000ac   Code   RO         3091    i.USART_Init        stm32f4xx_usart.o
    0x08002064   0x00000008   Code   RO         3101    i.USART_SendData    stm32f4xx_usart.o
    0x0800206c   0x00000002   Code   RO          307    i.UsageFault_Handler  stm32f4xx_it.o
    0x0800206e   0x00000002   PAD
    0x08002070   0x00000090   Code   RO          537    i._Z11printf_initv  printf_.o
    0x08002100   0x00000018   Code   RO          208    i._Z13CPUTIMER0_ISRv  timer.o
    0x08002118   0x00000020   Code   RO          538    i._Z7putcharc       printf_.o
    0x08002138   0x00000030   Code   RO          539    i._Z8myprintfPKcz   printf_.o
    0x08002168   0x0000003c   Code   RO          209    i._ZN10CBaseTimer10initializeEv  timer.o
    0x080021a4   0x00000010   Code   RO          210    i._ZN10CBaseTimer8doUpdateEv  timer.o
    0x080021b4   0x00000010   Code   RO          211    i._ZN10CBaseTimerC1Ev  timer.o
    0x080021c4   0x00000068   Code   RO          442    i._ZN4Cimu4InitEh   imu.o
    0x0800222c   0x000000be   Code   RO          443    i._ZN4Cimu6UpdateEh  imu.o
    0x080022ea   0x0000000a   Code   RO          444    i._ZN4Cimu7GetDataEh  imu.o
    0x080022f4   0x000000cc   Code   RO          446    i._ZN4Cimu7ReadRegEht  imu.o
    0x080023c0   0x000000cc   Code   RO          447    i._ZN4Cimu8WriteRegEhht  imu.o
    0x0800248c   0x00000010   Code   RO          391    i._ZN4Cled3OFFEv    cled.o
    0x0800249c   0x00000034   Code   RO          392    i._ZN4Cled4InitEv   cled.o
    0x080024d0   0x00000028   Code   RO          393    i._ZN4Cled6ToggleEv  cled.o
    0x080024f8   0x0000000c   Code   RO          394    i._ZN4CledC1Ev      cled.o
    0x08002504   0x0000022c   Code   RO          507    i._ZN4Cspi4InitEP11SPI_TypeDef  cspi.o
    0x08002730   0x00000024   Code   RO          212    i._ZN5Timer16isAbsoluteTimeUpEv  timer.o
    0x08002754   0x00000016   Code   RO          215    i._ZN5TimerC1Eii    timer.o
    0x0800276a   0x00000002   PAD
    0x0800276c   0x00000028   Code   RO         6172    i._Znwj             cpprt_w.l(new.o)
    0x08002794   0x00000030   Code   RO         6694    i.__ARM_fpclassify  m_wm.l(fpclassify.o)
    0x080027c4   0x0000000e   Code   RO         6298    i._is_digit         c_w.l(__printf_wp.o)
    0x080027d2   0x00000002   PAD
    0x080027d4   0x00000104   Code   RO            5    i.main              main.o
    0x080028d8   0x0000002c   Code   RO         6642    locale$$code        c_w.l(lc_numeric_c.o)
    0x08002904   0x0000002c   Code   RO         6713    locale$$code        c_w.l(lc_ctype_c.o)
    0x08002930   0x0000001c   Code   RO          270    t._ZN15NormalSingletonI10CBaseTimerE8InstanceEv  timer.o
    0x0800294c   0x00000018   Code   RO           38    t._ZN15NormalSingletonI4CimuE8InstanceEv  main.o
    0x08002964   0x0000001c   Code   RO           32    t._ZN15NormalSingletonI4CledE8InstanceEv  main.o
    0x08002980   0x00000018   Code   RO           44    t._ZN15NormalSingletonI4CspiE8InstanceEv  main.o
    0x08002998   0x0000000a   Code   RO         6689    x$fpl$fpinit        fz_wm.l(fpinit.o)
    0x080029a2   0x00000004   Code   RO         6352    x$fpl$printf1       fz_wm.l(printf1.o)
    0x080029a6   0x00000000   Code   RO         6693    x$fpl$usenofp       fz_wm.l(usenofp.o)
    0x080029a6   0x00000010   Data   RO         6130    .constdata          system_stm32f4xx_1.o
    0x080029b6   0x00000002   PAD
    0x080029b8   0x00000008   Data   RO         6257    .constdata          c_w.l(_printf_wctomb.o)
    0x080029c0   0x00000028   Data   RO         6286    .constdata          c_w.l(_printf_hex_int_ll_ptr.o)
    0x080029e8   0x00000011   Data   RO         6306    .constdata          c_w.l(__printf_flags_ss_wp.o)
    0x080029f9   0x00000003   PAD
    0x080029fc   0x00000094   Data   RO         6617    .constdata          c_w.l(bigflt0.o)
    0x08002a90   0x00000020   Data   RO         6795    Region$$Table       anon$$obj.o
    0x08002ab0   0x0000001c   Data   RO         6641    locale$$data        c_w.l(lc_numeric_c.o)
    0x08002acc   0x00000110   Data   RO         6712    locale$$data        c_w.l(lc_ctype_c.o)


    Execution Region RW_IRAM1 (Base: 0x20000000, Size: 0x00000688, Max: 0x00020000, ABSOLUTE)

    Base Addr    Size         Type   Attr      Idx    E Section Name        Object

    0x20000000   0x00000010   Data   RW         1479    .data               stm32f4xx_rcc.o
    0x20000010   0x00000004   Data   RW         6131    .data               system_stm32f4xx_1.o
    0x20000014   0x00000004   Data   RW           50    .data__ZN15NormalSingletonI10CBaseTimerE3insE  main.o
    0x20000018   0x00000004   Data   RW           52    .data__ZN15NormalSingletonI4CimuE3insE  main.o
    0x2000001c   0x00000004   Data   RW           53    .data__ZN15NormalSingletonI4CledE3insE  main.o
    0x20000020   0x00000004   Data   RW           51    .data__ZN15NormalSingletonI4CspiE3insE  main.o
    0x20000024   0x00000060   Zero   RW         6355    .bss                c_w.l(libspace.o)
    0x20000084   0x00000004   PAD
    0x20000088   0x00000200   Zero   RW         6117    HEAP                startup_stm32f407xx.o
    0x20000288   0x00000400   Zero   RW         6116    STACK               startup_stm32f407xx.o


==============================================================================

Image component sizes


      Code (inc. data)   RO Data    RW Data    ZI Data      Debug   Object Name

       120         18          0          0          0       2820   cled.o
       556         30          0          0          0       1272   cspi.o
       712         72          0          0          0       8652   imu.o
       336         78          0         16          0     287583   main.o
       224         14          0          0          0       2835   printf_.o
        64         26        392          0       1536        864   startup_stm32f407xx.o
       176          0          0          0          0       3239   stm32f4xx_gpio.o
        20          0          0          0          0       4082   stm32f4xx_it.o
       220         34          0         16          0       4967   stm32f4xx_rcc.o
        98          0          0          0          0       3746   stm32f4xx_spi.o
       214          8          0          0          0       3592   stm32f4xx_usart.o
       208         38         16          4          0       1951   system_stm32f4xx_1.o
       202         16          0          0          0      32423   timer.o

    ----------------------------------------------------------------------
      3156        334        442         36       1536     358026   Object Totals
         0          0         32          0          0          0   (incl. Generated)
         6          0          2          0          0          0   (incl. Padding)

    ----------------------------------------------------------------------

      Code (inc. data)   RO Data    RW Data    ZI Data      Debug   Library Member Name

         8          0          0          0          0         68   __main.o
       392          4         17          0          0         92   __printf_flags_ss_wp.o
        14          0          0          0          0         68   __printf_wp.o
         0          0          0          0          0          0   __rtentry.o
        12          0          0          0          0          0   __rtentry2.o
         6          0          0          0          0          0   __rtentry4.o
        52          8          0          0          0          0   __scatter.o
        26          0          0          0          0          0   __scatter_copy.o
        28          0          0          0          0          0   __scatter_zi.o
         6          0          0          0          0          0   _printf_a.o
         6          0          0          0          0          0   _printf_c.o
        44          0          0          0          0        108   _printf_char.o
        48          6          0          0          0         96   _printf_char_common.o
        40          0          0          0          0         68   _printf_charcount.o
         6          0          0          0          0          0   _printf_d.o
       120         16          0          0          0         92   _printf_dec.o
         6          0          0          0          0          0   _printf_e.o
         6          0          0          0          0          0   _printf_f.o
      1050          0          0          0          0        216   _printf_fp_dec.o
       128         16          0          0          0         84   _printf_fp_infnan.o
         6          0          0          0          0          0   _printf_g.o
       148          4         40          0          0        160   _printf_hex_int_ll_ptr.o
         6          0          0          0          0          0   _printf_i.o
       178          0          0          0          0         88   _printf_intcommon.o
        10          0          0          0          0          0   _printf_l.o
         6          0          0          0          0          0   _printf_lc.o
        10          0          0          0          0          0   _printf_ll.o
         6          0          0          0          0          0   _printf_lld.o
         6          0          0          0          0          0   _printf_lli.o
         6          0          0          0          0          0   _printf_llo.o
         6          0          0          0          0          0   _printf_llu.o
         6          0          0          0          0          0   _printf_llx.o
       124         16          0          0          0         92   _printf_longlong_dec.o
         6          0          0          0          0          0   _printf_ls.o
         6          0          0          0          0          0   _printf_n.o
         6          0          0          0          0          0   _printf_o.o
       112         10          0          0          0        124   _printf_oct_int_ll.o
         6          0          0          0          0          0   _printf_p.o
        78          0          0          0          0        108   _printf_pad.o
         0          0          0          0          0          0   _printf_percent.o
         4          0          0          0          0          0   _printf_percent_end.o
         6          0          0          0          0          0   _printf_s.o
        82          0          0          0          0         80   _printf_str.o
        36          0          0          0          0         84   _printf_truncate.o
         6          0          0          0          0          0   _printf_u.o
        44          0          0          0          0        108   _printf_wchar.o
       188          6          8          0          0         92   _printf_wctomb.o
         6          0          0          0          0          0   _printf_x.o
        16          0          0          0          0         68   _snputc.o
        10          0          0          0          0         68   _sputc.o
        64          0          0          0          0         92   _wcrtomb.o
        22          0          0          0          0         80   abort.o
       220          4        148          0          0         96   bigflt0.o
      1910        128          0          0          0        672   btod.o
        52          4          0          0          0         80   c89vsnprintf.o
        48         34          0          0          0         76   defsig_abrt_inner.o
        14          0          0          0          0         80   defsig_abrt_outer.o
        10          0          0          0          0         68   defsig_exit.o
        50          0          0          0          0         88   defsig_general.o
        80         58          0          0          0         76   defsig_rtmem_inner.o
        14          0          0          0          0         80   defsig_rtmem_outer.o
        18          0          0          0          0         80   exit.o
        94          0          0          0          0         80   h1_alloc.o
        52          0          0          0          0         68   h1_extend.o
        78          0          0          0          0         80   h1_free.o
        14          0          0          0          0         84   h1_init.o
         6          0          0          0          0        152   heapauxi.o
         4          0          0          0          0        136   hguard.o
         0          0          0          0          0          0   indicate_semi.o
       138          0          0          0          0        168   init_alloc.o
        44         10        272          0          0         76   lc_ctype_c.o
        44         10         28          0          0         76   lc_numeric_c.o
         2          0          0          0          0          0   libinit.o
        42          0          0          0          0          0   libinit2.o
         2          0          0          0          0          0   libshutdown.o
         2          0          0          0          0          0   libshutdown2.o
         8          4          0          0         96         68   libspace.o
       138          0          0          0          0         80   lludiv10.o
         0          0          0          0          0          0   maybetermalloc1.o
        16          4          0          0          0         76   rt_ctype_table.o
         8          4          0          0          0         68   rt_eh_globals_addr_intlibspace.o
         8          4          0          0          0         68   rt_heap_descriptor_intlibspace.o
         8          4          0          0          0         68   rt_locale_intlibspace.o
       138          0          0          0          0         68   rt_memcpy_v6.o
       100          0          0          0          0         80   rt_memcpy_w.o
         8          4          0          0          0         68   rt_new_handler_addr_intlibspace.o
         2          0          0          0          0          0   rtexit.o
        10          0          0          0          0          0   rtexit2.o
       128          0          0          0          0         68   strcmpv7m.o
        12          4          0          0          0         68   sys_exit.o
        74          0          0          0          0         80   sys_stackheap_outer.o
        14          0          0          0          0         76   sys_wrch.o
         2          0          0          0          0         68   use_no_semi.o
        80         12          0          0          0        104   arm_exceptions_globs.o
        60          0          0          0          0        108   arm_exceptions_mem.o
        26          0          0          0          0         76   arm_exceptions_terminate.o
         4          0          0          0          0         68   arm_newhandler_noexceptions.o
        40          6          0          0          0         76   new.o
        10          0          0          0          0        116   fpinit.o
         4          0          0          0          0        116   printf1.o
         0          0          0          0          0          0   usenofp.o
        48          0          0          0          0        124   fpclassify.o

    ----------------------------------------------------------------------
      7114        380        516          0        100       6244   Library Totals
        16          0          3          0          4          0   (incl. Padding)

    ----------------------------------------------------------------------

      Code (inc. data)   RO Data    RW Data    ZI Data      Debug   Library Name

      6826        362        513          0         96       5456   c_w.l
       210         18          0          0          0        432   cpprt_w.l
        14          0          0          0          0        232   fz_wm.l
        48          0          0          0          0        124   m_wm.l

    ----------------------------------------------------------------------
      7114        380        516          0        100       6244   Library Totals

    ----------------------------------------------------------------------

==============================================================================


      Code (inc. data)   RO Data    RW Data    ZI Data      Debug   

     10270        714        958         36       1636     356190   Grand Totals
     10270        714        958         36       1636     356190   ELF Image Totals
     10270        714        958         36          0          0   ROM Totals

==============================================================================

    Total RO  Size (Code + RO Data)                11228 (  10.96kB)
    Total RW  Size (RW Data + ZI Data)              1672 (   1.63kB)
    Total ROM Size (Code + RO Data + RW Data)      11264 (  11.00kB)

==============================================================================

